Copyright 1986-2022 Xilinx, Inc. All Rights Reserved. Copyright 2022-2025 Advanced Micro Devices, Inc. All Rights Reserved.
---------------------------------------------------------------------------------------------------------------------------------------------
| Tool Version : Vivado v.2025.1 (lin64) Build 6140274 Wed May 21 22:58:25 MDT 2025
| Date         : Mon May 18 00:01:15 2026
| Host         : 0226AUBUVVDO014 running 64-bit Ubuntu 24.04.3 LTS
| Command      : report_control_sets -verbose -file top_logigame_control_sets_placed.rpt
| Design       : top_logigame
| Device       : xc7a35t
---------------------------------------------------------------------------------------------------------------------------------------------

Control Set Information

Table of Contents
-----------------
1. Summary
2. Histogram
3. Flip-Flop Distribution
4. Detailed Control Set Information

1. Summary
----------

+----------------------------------------------------------+-------+
|                          Status                          | Count |
+----------------------------------------------------------+-------+
| Total control sets                                       |     6 |
|    Minimum number of control sets                        |     6 |
|    Addition due to synthesis replication                 |     0 |
|    Addition due to physical synthesis replication        |     0 |
| Unused register locations in slices containing registers |    20 |
+----------------------------------------------------------+-------+
* Control sets can be merged at opt_design using control_set_merge or merge_equivalent_drivers
** Run report_qor_suggestions for automated merging and remapping suggestions


2. Histogram
------------

+--------------------+-------+
|       Fanout       | Count |
+--------------------+-------+
| Total control sets |     6 |
| >= 0 to < 4        |     1 |
| >= 4 to < 6        |     3 |
| >= 6 to < 8        |     0 |
| >= 8 to < 10       |     0 |
| >= 10 to < 12      |     0 |
| >= 12 to < 14      |     0 |
| >= 14 to < 16      |     0 |
| >= 16              |     2 |
+--------------------+-------+
* Control sets can be remapped at either synth_design or opt_design


3. Flip-Flop Distribution
-------------------------

+--------------+-----------------------+------------------------+-----------------+--------------+
| Clock Enable | Synchronous Set/Reset | Asynchronous Set/Reset | Total Registers | Total Slices |
+--------------+-----------------------+------------------------+-----------------+--------------+
| No           | No                    | No                     |               2 |            1 |
| No           | No                    | Yes                    |              74 |           23 |
| No           | Yes                   | No                     |               4 |            1 |
| Yes          | No                    | No                     |               0 |            0 |
| Yes          | No                    | Yes                    |              44 |           12 |
| Yes          | Yes                   | No                     |               0 |            0 |
+--------------+-----------------------+------------------------+-----------------+--------------+


4. Detailed Control Set Information
-----------------------------------

+----------------------+--------------------------------------+------------------+------------------+----------------+--------------+
|     Clock Signal     |             Enable Signal            | Set/Reset Signal | Slice Load Count | Bel Load Count | Bels / Slice |
+----------------------+--------------------------------------+------------------+------------------+----------------+--------------+
|  CLK100MHZ_IBUF_BUFG |                                      |                  |                1 |              2 |         2.00 |
|  CLK100MHZ_IBUF_BUFG | U_GAME/U_SCORE/scoring               | btn_IBUF[0]      |                1 |              4 |         4.00 |
|  CLK100MHZ_IBUF_BUFG | U_GAME/ena_lfsr                      | btn_IBUF[0]      |                1 |              4 |         4.00 |
|  CLK100MHZ_IBUF_BUFG | U_GAME/U_TIMEOUT/E[0]                | btn_IBUF[0]      |                1 |              5 |         5.00 |
|  CLK100MHZ_IBUF_BUFG | U_GAME/U_TIMEOUT/compteur[0]_i_1_n_0 | btn_IBUF[0]      |                9 |             31 |         3.44 |
|  CLK100MHZ_IBUF_BUFG |                                      | btn_IBUF[0]      |               24 |             78 |         3.25 |
+----------------------+--------------------------------------+------------------+------------------+----------------+--------------+


