#-----------------------------------------------------------
# Vivado v2025.1 (64-bit)
# SW Build 6140274 on Wed May 21 22:58:25 MDT 2025
# IP Build 6138677 on Thu May 22 03:10:11 MDT 2025
# SharedData Build 6139179 on Tue May 20 17:58:58 MDT 2025
# Start of session at: Mon May 18 00:00:35 2026
# Process ID         : 473027
# Current directory  : /home/administrateur/jeu/jeu.runs/impl_1
# Command line       : vivado -log top_logigame.vdi -applog -product Vivado -messageDb vivado.pb -mode batch -source top_logigame.tcl -notrace
# Log file           : /home/administrateur/jeu/jeu.runs/impl_1/top_logigame.vdi
# Journal file       : /home/administrateur/jeu/jeu.runs/impl_1/vivado.jou
# Running On         : 0226AUBUVVDO014
# Platform           : Ubuntu
# Operating System   : Ubuntu 24.04.3 LTS
# Processor Detail   : Intel(R) Xeon(R) Gold 6230R CPU @ 2.10GHz
# CPU Frequency      : 2095.077 MHz
# CPU Physical cores : 2
# CPU Logical cores  : 2
# Host memory        : 12492 MB
# Swap memory        : 4055 MB
# Total Virtual      : 16548 MB
# Available Virtual  : 13416 MB
#-----------------------------------------------------------
source top_logigame.tcl -notrace
