
*** Running vivado
    with args -log Arty_Digilent_TopLevel.vdi -applog -m64 -product Vivado -messageDb vivado.pb -mode batch -source Arty_Digilent_TopLevel.tcl -notrace


****** Vivado v2025.1 (64-bit)
  **** SW Build 6140274 on Wed May 21 22:58:25 MDT 2025
  **** IP Build 6138677 on Thu May 22 03:10:11 MDT 2025
  **** SharedData Build 6139179 on Tue May 20 17:58:58 MDT 2025
  **** Start of session at: Wed May 13 16:16:45 2026
    ** Copyright 1986-2022 Xilinx, Inc. All Rights Reserved.
    ** Copyright 2022-2025 Advanced Micro Devices, Inc. All Rights Reserved.

source Arty_Digilent_TopLevel.tcl -notrace
create_project: Time (s): cpu = 00:00:09 ; elapsed = 00:00:09 . Memory (MB): peak = 1591.340 ; gain = 64.059 ; free physical = 4676 ; free virtual = 12551
Command: link_design -top Arty_Digilent_TopLevel -part xc7a35tcsg324-1
Design is defaulting to srcset: sources_1
Design is defaulting to constrset: constrs_1
INFO: [Device 21-403] Loading part xc7a35tcsg324-1
Netlist sorting complete. Time (s): cpu = 00:00:00 ; elapsed = 00:00:00 . Memory (MB): peak = 1659.793 ; gain = 0.000 ; free physical = 4606 ; free virtual = 12481
INFO: [Netlist 29-17] Analyzing 5 Unisim elements for replacement
INFO: [Netlist 29-28] Unisim Transformation completed in 0 CPU seconds
INFO: [Project 1-479] Netlist was created with Vivado 2025.1
INFO: [Project 1-570] Preparing netlist for logic optimization
Parsing XDC File [/home/administrateur/vhdl2_ual/vhdl2_ual.srcs/constrs_1/imports/Documents/Arty_Digilent_TopLevel_Constraints.xdc]
Finished Parsing XDC File [/home/administrateur/vhdl2_ual/vhdl2_ual.srcs/constrs_1/imports/Documents/Arty_Digilent_TopLevel_Constraints.xdc]
INFO: [Opt 31-138] Pushed 0 inverter(s) to 0 load pin(s).
Netlist sorting complete. Time (s): cpu = 00:00:00 ; elapsed = 00:00:00 . Memory (MB): peak = 1844.430 ; gain = 0.000 ; free physical = 4495 ; free virtual = 12370
INFO: [Project 1-111] Unisim Transformation Summary:
No Unisim elements were transformed.

7 Infos, 0 Warnings, 0 Critical Warnings and 0 Errors encountered.
link_design completed successfully
Command: opt_design
Attempting to get a license for feature 'Implementation' and/or device 'xc7a35t'
INFO: [Common 17-349] Got license for feature 'Implementation' and/or device 'xc7a35t'
Running DRC as a precondition to command opt_design

Starting DRC Task
INFO: [DRC 23-27] Running DRC with 2 threads
INFO: [Project 1-461] DRC finished with 0 Errors
INFO: [Project 1-462] Please refer to the DRC report (report_drc) for more information.

Time (s): cpu = 00:00:02 ; elapsed = 00:00:02 . Memory (MB): peak = 1882.086 ; gain = 31.684 ; free physical = 4454 ; free virtual = 12331

Starting Cache Timing Information Task
INFO: [Timing 38-35] Done setting XDC timing constraints.
Ending Cache Timing Information Task | Checksum: 1e62363ee

Time (s): cpu = 00:00:07 ; elapsed = 00:00:08 . Memory (MB): peak = 2369.883 ; gain = 487.797 ; free physical = 4021 ; free virtual = 11913

Starting Logic Optimization Task

Phase 1 Initialization

Phase 1.1 Core Generation And Design Setup
Phase 1.1 Core Generation And Design Setup | Checksum: 1e62363ee

Time (s): cpu = 00:00:00 ; elapsed = 00:00:00 . Memory (MB): peak = 2731.805 ; gain = 0.000 ; free physical = 3682 ; free virtual = 11575

Phase 1.2 Setup Constraints And Sort Netlist
Phase 1.2 Setup Constraints And Sort Netlist | Checksum: 1e62363ee

Time (s): cpu = 00:00:00 ; elapsed = 00:00:00 . Memory (MB): peak = 2731.805 ; gain = 0.000 ; free physical = 3680 ; free virtual = 11573
Phase 1 Initialization | Checksum: 1e62363ee

Time (s): cpu = 00:00:00 ; elapsed = 00:00:00.01 . Memory (MB): peak = 2731.805 ; gain = 0.000 ; free physical = 3680 ; free virtual = 11573

Phase 2 Timer Update And Timing Data Collection

Phase 2.1 Timer Update
Phase 2.1 Timer Update | Checksum: 1e62363ee

Time (s): cpu = 00:00:00 ; elapsed = 00:00:00.02 . Memory (MB): peak = 2731.805 ; gain = 0.000 ; free physical = 3680 ; free virtual = 11573

Phase 2.2 Timing Data Collection
Phase 2.2 Timing Data Collection | Checksum: 1e62363ee

Time (s): cpu = 00:00:00.01 ; elapsed = 00:00:00.03 . Memory (MB): peak = 2731.805 ; gain = 0.000 ; free physical = 3676 ; free virtual = 11569
Phase 2 Timer Update And Timing Data Collection | Checksum: 1e62363ee

Time (s): cpu = 00:00:00.01 ; elapsed = 00:00:00.03 . Memory (MB): peak = 2731.805 ; gain = 0.000 ; free physical = 3676 ; free virtual = 11569

Phase 3 Retarget
INFO: [Opt 31-1851] Number of loadless carry chains removed were: 0
INFO: [Opt 31-1834] Total Chains To Be Transformed Were: 0 AND Number of Transformed insts Created are: 0
INFO: [Opt 31-138] Pushed 0 inverter(s) to 0 load pin(s).
INFO: [Opt 31-49] Retargeted 0 cell(s).
Phase 3 Retarget | Checksum: 1e62363ee

Time (s): cpu = 00:00:00.02 ; elapsed = 00:00:00.05 . Memory (MB): peak = 2731.805 ; gain = 0.000 ; free physical = 3676 ; free virtual = 11569
Retarget | Checksum: 1e62363ee
INFO: [Opt 31-389] Phase Retarget created 0 cells and removed 0 cells

Phase 4 Constant propagation
INFO: [Opt 31-138] Pushed 0 inverter(s) to 0 load pin(s).
Phase 4 Constant propagation | Checksum: 2486f16c4

Time (s): cpu = 00:00:00.02 ; elapsed = 00:00:00.05 . Memory (MB): peak = 2731.805 ; gain = 0.000 ; free physical = 3676 ; free virtual = 11569
Constant propagation | Checksum: 2486f16c4
INFO: [Opt 31-389] Phase Constant propagation created 0 cells and removed 0 cells

Phase 5 Sweep
INFO: [Constraints 18-11670] Building netlist checker database with flags, 0x8
Done building netlist checker database: Time (s): cpu = 00:00:00 ; elapsed = 00:00:00 . Memory (MB): peak = 2731.805 ; gain = 0.000 ; free physical = 3676 ; free virtual = 11569
Phase 5 Sweep | Checksum: 1e2974637

Time (s): cpu = 00:00:00.02 ; elapsed = 00:00:00.06 . Memory (MB): peak = 2731.805 ; gain = 0.000 ; free physical = 3676 ; free virtual = 11569
Sweep | Checksum: 1e2974637
INFO: [Opt 31-389] Phase Sweep created 0 cells and removed 0 cells

Phase 6 BUFG optimization
Phase 6 BUFG optimization | Checksum: 1e2974637

Time (s): cpu = 00:00:00.03 ; elapsed = 00:00:00.06 . Memory (MB): peak = 2763.820 ; gain = 32.016 ; free physical = 3676 ; free virtual = 11569
BUFG optimization | Checksum: 1e2974637
INFO: [Opt 31-662] Phase BUFG optimization created 0 cells of which 0 are BUFGs and removed 0 cells.

Phase 7 Shift Register Optimization
INFO: [Opt 31-1064] SRL Remap converted 0 SRLs to 0 registers and converted 0 registers of register chains to 0 SRLs
Phase 7 Shift Register Optimization | Checksum: 1e2974637

Time (s): cpu = 00:00:00.03 ; elapsed = 00:00:00.07 . Memory (MB): peak = 2763.820 ; gain = 32.016 ; free physical = 3676 ; free virtual = 11569
Shift Register Optimization | Checksum: 1e2974637
INFO: [Opt 31-389] Phase Shift Register Optimization created 0 cells and removed 0 cells

Phase 8 Post Processing Netlist
Phase 8 Post Processing Netlist | Checksum: 1e2974637

Time (s): cpu = 00:00:00.03 ; elapsed = 00:00:00.08 . Memory (MB): peak = 2763.820 ; gain = 32.016 ; free physical = 3676 ; free virtual = 11569
Post Processing Netlist | Checksum: 1e2974637
INFO: [Opt 31-389] Phase Post Processing Netlist created 0 cells and removed 0 cells

Phase 9 Finalization

Phase 9.1 Finalizing Design Cores and Updating Shapes
Phase 9.1 Finalizing Design Cores and Updating Shapes | Checksum: 21b13278a

Time (s): cpu = 00:00:00.04 ; elapsed = 00:00:00.09 . Memory (MB): peak = 2763.820 ; gain = 32.016 ; free physical = 3676 ; free virtual = 11569

Phase 9.2 Verifying Netlist Connectivity

Starting Connectivity Check Task

Time (s): cpu = 00:00:00 ; elapsed = 00:00:00 . Memory (MB): peak = 2763.820 ; gain = 0.000 ; free physical = 3676 ; free virtual = 11569
Phase 9.2 Verifying Netlist Connectivity | Checksum: 21b13278a

Time (s): cpu = 00:00:00.04 ; elapsed = 00:00:00.1 . Memory (MB): peak = 2763.820 ; gain = 32.016 ; free physical = 3676 ; free virtual = 11569
Phase 9 Finalization | Checksum: 21b13278a

Time (s): cpu = 00:00:00.04 ; elapsed = 00:00:00.1 . Memory (MB): peak = 2763.820 ; gain = 32.016 ; free physical = 3676 ; free virtual = 11569
Opt_design Change Summary
=========================


-------------------------------------------------------------------------------------------------------------------------
|  Phase                        |  #Cells created  |  #Cells Removed  |  #Constrained objects preventing optimizations  |
-------------------------------------------------------------------------------------------------------------------------
|  Retarget                     |               0  |               0  |                                              0  |
|  Constant propagation         |               0  |               0  |                                              0  |
|  Sweep                        |               0  |               0  |                                              0  |
|  BUFG optimization            |               0  |               0  |                                              0  |
|  Shift Register Optimization  |               0  |               0  |                                              0  |
|  Post Processing Netlist      |               0  |               0  |                                              0  |
-------------------------------------------------------------------------------------------------------------------------


Ending Logic Optimization Task | Checksum: 21b13278a

Time (s): cpu = 00:00:00.04 ; elapsed = 00:00:00.1 . Memory (MB): peak = 2763.820 ; gain = 32.016 ; free physical = 3676 ; free virtual = 11569

Starting Power Optimization Task
INFO: [Pwropt 34-132] Skipping clock gating for clocks with a period < 2.00 ns.
Ending Power Optimization Task | Checksum: 21b13278a

Time (s): cpu = 00:00:00.01 ; elapsed = 00:00:00.01 . Memory (MB): peak = 2763.820 ; gain = 0.000 ; free physical = 3676 ; free virtual = 11569

Starting Final Cleanup Task
Ending Final Cleanup Task | Checksum: 21b13278a

Time (s): cpu = 00:00:00 ; elapsed = 00:00:00 . Memory (MB): peak = 2763.820 ; gain = 0.000 ; free physical = 3676 ; free virtual = 11569

Starting Netlist Obfuscation Task
Netlist sorting complete. Time (s): cpu = 00:00:00 ; elapsed = 00:00:00 . Memory (MB): peak = 2763.820 ; gain = 0.000 ; free physical = 3676 ; free virtual = 11569
Ending Netlist Obfuscation Task | Checksum: 21b13278a

Time (s): cpu = 00:00:00 ; elapsed = 00:00:00 . Memory (MB): peak = 2763.820 ; gain = 0.000 ; free physical = 3676 ; free virtual = 11569
INFO: [Common 17-83] Releasing license: Implementation
27 Infos, 0 Warnings, 0 Critical Warnings and 0 Errors encountered.
opt_design completed successfully
opt_design: Time (s): cpu = 00:00:11 ; elapsed = 00:00:13 . Memory (MB): peak = 2763.820 ; gain = 913.418 ; free physical = 3676 ; free virtual = 11569
INFO: [Vivado 12-24828] Executing command : report_drc -file Arty_Digilent_TopLevel_drc_opted.rpt -pb Arty_Digilent_TopLevel_drc_opted.pb -rpx Arty_Digilent_TopLevel_drc_opted.rpx
Command: report_drc -file Arty_Digilent_TopLevel_drc_opted.rpt -pb Arty_Digilent_TopLevel_drc_opted.pb -rpx Arty_Digilent_TopLevel_drc_opted.rpx
INFO: [IP_Flow 19-234] Refreshing IP repositories
INFO: [IP_Flow 19-1704] No user IP repositories specified
INFO: [IP_Flow 19-2313] Loaded Vivado IP repository '/tools/Xilinx/2025.1/Vivado/data/ip'.
INFO: [DRC 23-27] Running DRC with 2 threads
INFO: [Vivado_Tcl 2-168] The results of DRC are in file /home/administrateur/vhdl2_ual/vhdl2_ual.runs/impl_1/Arty_Digilent_TopLevel_drc_opted.rpt.
report_drc completed successfully
INFO: [Timing 38-480] Writing timing data to binary archive.
Write ShapeDB Complete: Time (s): cpu = 00:00:00 ; elapsed = 00:00:00 . Memory (MB): peak = 2763.820 ; gain = 0.000 ; free physical = 3657 ; free virtual = 11550
Wrote PlaceDB: Time (s): cpu = 00:00:00.01 ; elapsed = 00:00:00.01 . Memory (MB): peak = 2763.820 ; gain = 0.000 ; free physical = 3657 ; free virtual = 11550
Wrote PulsedLatchDB: Time (s): cpu = 00:00:00 ; elapsed = 00:00:00 . Memory (MB): peak = 2763.820 ; gain = 0.000 ; free physical = 3657 ; free virtual = 11550
Writing XDEF routing.
Writing XDEF routing logical nets.
Writing XDEF routing special nets.
Wrote RouteStorage: Time (s): cpu = 00:00:00.03 ; elapsed = 00:00:00.04 . Memory (MB): peak = 2763.820 ; gain = 0.000 ; free physical = 3656 ; free virtual = 11549
Wrote Netlist Cache: Time (s): cpu = 00:00:00 ; elapsed = 00:00:00 . Memory (MB): peak = 2763.820 ; gain = 0.000 ; free physical = 3656 ; free virtual = 11549
Wrote Device Cache: Time (s): cpu = 00:00:00.01 ; elapsed = 00:00:00.01 . Memory (MB): peak = 2763.820 ; gain = 0.000 ; free physical = 3655 ; free virtual = 11549
Write Physdb Complete: Time (s): cpu = 00:00:00.05 ; elapsed = 00:00:00.07 . Memory (MB): peak = 2763.820 ; gain = 0.000 ; free physical = 3655 ; free virtual = 11549
INFO: [Common 17-1381] The checkpoint '/home/administrateur/vhdl2_ual/vhdl2_ual.runs/impl_1/Arty_Digilent_TopLevel_opt.dcp' has been generated.
Command: place_design
Attempting to get a license for feature 'Implementation' and/or device 'xc7a35t'
INFO: [Common 17-349] Got license for feature 'Implementation' and/or device 'xc7a35t'
INFO: [Common 17-83] Releasing license: Implementation
INFO: [DRC 23-27] Running DRC with 2 threads
INFO: [Vivado_Tcl 4-198] DRC finished with 0 Errors
INFO: [Vivado_Tcl 4-199] Please refer to the DRC report (report_drc) for more information.
Running DRC as a precondition to command place_design
INFO: [DRC 23-27] Running DRC with 2 threads
INFO: [Vivado_Tcl 4-198] DRC finished with 0 Errors
INFO: [Vivado_Tcl 4-199] Please refer to the DRC report (report_drc) for more information.
INFO: [Place 30-611] Multithreading enabled for place_design using a maximum of 8 CPUs

Starting Placer Task

Phase 1 Placer Initialization

Phase 1.1 Placer Initialization Netlist Sorting
Netlist sorting complete. Time (s): cpu = 00:00:00 ; elapsed = 00:00:00 . Memory (MB): peak = 2763.820 ; gain = 0.000 ; free physical = 3647 ; free virtual = 11541
Phase 1.1 Placer Initialization Netlist Sorting | Checksum: 1e14d866d

Time (s): cpu = 00:00:00 ; elapsed = 00:00:00 . Memory (MB): peak = 2763.820 ; gain = 0.000 ; free physical = 3647 ; free virtual = 11541
Netlist sorting complete. Time (s): cpu = 00:00:00 ; elapsed = 00:00:00 . Memory (MB): peak = 2763.820 ; gain = 0.000 ; free physical = 3647 ; free virtual = 11541

Phase 1.2 IO Placement/ Clock Placement/ Build Placer Device
INFO: [Timing 38-35] Done setting XDC timing constraints.
Phase 1.2 IO Placement/ Clock Placement/ Build Placer Device | Checksum: 1eba8c15b

Time (s): cpu = 00:00:00.27 ; elapsed = 00:00:00.34 . Memory (MB): peak = 2763.820 ; gain = 0.000 ; free physical = 3622 ; free virtual = 11520

Phase 1.3 Build Placer Netlist Model
Phase 1.3 Build Placer Netlist Model | Checksum: 2cff0713c

Time (s): cpu = 00:00:00.35 ; elapsed = 00:00:00.45 . Memory (MB): peak = 2795.836 ; gain = 32.016 ; free physical = 3623 ; free virtual = 11522

Phase 1.4 Constrain Clocks/Macros
Phase 1.4 Constrain Clocks/Macros | Checksum: 2cff0713c

Time (s): cpu = 00:00:00.35 ; elapsed = 00:00:00.46 . Memory (MB): peak = 2795.836 ; gain = 32.016 ; free physical = 3623 ; free virtual = 11522
Phase 1 Placer Initialization | Checksum: 2cff0713c

Time (s): cpu = 00:00:00.36 ; elapsed = 00:00:00.46 . Memory (MB): peak = 2795.836 ; gain = 32.016 ; free physical = 3623 ; free virtual = 11522

Phase 2 Global Placement

Phase 2.1 Floorplanning
Phase 2.1 Floorplanning | Checksum: 2c3275753

Time (s): cpu = 00:00:00.38 ; elapsed = 00:00:00.52 . Memory (MB): peak = 2795.836 ; gain = 32.016 ; free physical = 3630 ; free virtual = 11529

Phase 2.2 Update Timing before SLR Path Opt
Phase 2.2 Update Timing before SLR Path Opt | Checksum: 25156bb15

Time (s): cpu = 00:00:00.4 ; elapsed = 00:00:00.55 . Memory (MB): peak = 2795.836 ; gain = 32.016 ; free physical = 3628 ; free virtual = 11528

Phase 2.3 Post-Processing in Floorplanning
Phase 2.3 Post-Processing in Floorplanning | Checksum: 25156bb15

Time (s): cpu = 00:00:00.4 ; elapsed = 00:00:00.55 . Memory (MB): peak = 2795.836 ; gain = 32.016 ; free physical = 3628 ; free virtual = 11528

Phase 2.4 Global Place Phase1
Phase 2.4 Global Place Phase1 | Checksum: 1fd5180cc

Time (s): cpu = 00:00:00.57 ; elapsed = 00:00:00.83 . Memory (MB): peak = 2795.836 ; gain = 32.016 ; free physical = 3619 ; free virtual = 11519

Phase 2.5 Global Place Phase2

Phase 2.5.1 UpdateTiming Before Physical Synthesis
Phase 2.5.1 UpdateTiming Before Physical Synthesis | Checksum: 1fd5180cc

Time (s): cpu = 00:00:00.59 ; elapsed = 00:00:00.84 . Memory (MB): peak = 2795.836 ; gain = 32.016 ; free physical = 3618 ; free virtual = 11518

Phase 2.5.2 Physical Synthesis In Placer
INFO: [Physopt 32-1035] Found 0 LUTNM shape to break, 5 LUT instances to create LUTNM shape
INFO: [Physopt 32-1044] Break lutnm for timing: one critical 0, two critical 0, total 0, new lutff created 0
INFO: [Physopt 32-1138] End 1 Pass. Optimized 2 nets or LUTs. Breaked 0 LUT, combined 2 existing LUTs and moved 0 existing LUT
INFO: [Physopt 32-65] No nets found for high-fanout optimization.
INFO: [Physopt 32-232] Optimized 0 net. Created 0 new instance.
INFO: [Physopt 32-775] End 1 Pass. Optimized 0 net or cell. Created 0 new cell, deleted 0 existing cell and moved 0 existing cell
INFO: [Physopt 32-670] No setup violation found.  DSP Register Optimization was not performed.
INFO: [Physopt 32-670] No setup violation found.  Shift Register to Pipeline Optimization was not performed.
INFO: [Physopt 32-670] No setup violation found.  Shift Register Optimization was not performed.
INFO: [Physopt 32-670] No setup violation found.  BRAM Register Optimization was not performed.
INFO: [Physopt 32-670] No setup violation found.  URAM Register Optimization was not performed.
INFO: [Physopt 32-949] No candidate nets found for dynamic/static region interface net replication
INFO: [Physopt 32-775] End 1 Pass. Optimized 0 net or cell. Created 0 new cell, deleted 0 existing cell and moved 0 existing cell
Netlist sorting complete. Time (s): cpu = 00:00:00.01 ; elapsed = 00:00:00 . Memory (MB): peak = 2795.836 ; gain = 0.000 ; free physical = 3615 ; free virtual = 11518

Summary of Physical Synthesis Optimizations
============================================


-----------------------------------------------------------------------------------------------------------------------------------------------------------
|  Optimization                                     |  Added Cells  |  Removed Cells  |  Optimized Cells/Nets  |  Dont Touch  |  Iterations  |  Elapsed   |
-----------------------------------------------------------------------------------------------------------------------------------------------------------
|  LUT Combining                                    |            0  |              2  |                     2  |           0  |           1  |  00:00:00  |
|  Retime                                           |            0  |              0  |                     0  |           0  |           1  |  00:00:00  |
|  Very High Fanout                                 |            0  |              0  |                     0  |           0  |           1  |  00:00:00  |
|  DSP Register                                     |            0  |              0  |                     0  |           0  |           0  |  00:00:00  |
|  Shift Register to Pipeline                       |            0  |              0  |                     0  |           0  |           0  |  00:00:00  |
|  Shift Register                                   |            0  |              0  |                     0  |           0  |           0  |  00:00:00  |
|  BRAM Register                                    |            0  |              0  |                     0  |           0  |           0  |  00:00:00  |
|  URAM Register                                    |            0  |              0  |                     0  |           0  |           0  |  00:00:00  |
|  Dynamic/Static Region Interface Net Replication  |            0  |              0  |                     0  |           0  |           1  |  00:00:00  |
|  Total                                            |            0  |              2  |                     2  |           0  |           4  |  00:00:00  |
-----------------------------------------------------------------------------------------------------------------------------------------------------------


Phase 2.5.2 Physical Synthesis In Placer | Checksum: 2db998923

Time (s): cpu = 00:00:00.91 ; elapsed = 00:00:01 . Memory (MB): peak = 2795.836 ; gain = 32.016 ; free physical = 3615 ; free virtual = 11518
Phase 2.5 Global Place Phase2 | Checksum: 31bbf97a5

Time (s): cpu = 00:00:00.97 ; elapsed = 00:00:01 . Memory (MB): peak = 2795.836 ; gain = 32.016 ; free physical = 3614 ; free virtual = 11518
Phase 2 Global Placement | Checksum: 31bbf97a5

Time (s): cpu = 00:00:00.97 ; elapsed = 00:00:01 . Memory (MB): peak = 2795.836 ; gain = 32.016 ; free physical = 3614 ; free virtual = 11518

Phase 3 Detail Placement

Phase 3.1 Commit Multi Column Macros
Phase 3.1 Commit Multi Column Macros | Checksum: 33d9535c4

Time (s): cpu = 00:00:01 ; elapsed = 00:00:01 . Memory (MB): peak = 2795.836 ; gain = 32.016 ; free physical = 3614 ; free virtual = 11518

Phase 3.2 Commit Most Macros & LUTRAMs
Phase 3.2 Commit Most Macros & LUTRAMs | Checksum: 2424a1cf3

Time (s): cpu = 00:00:01 ; elapsed = 00:00:01 . Memory (MB): peak = 2795.836 ; gain = 32.016 ; free physical = 3614 ; free virtual = 11517

Phase 3.3 Area Swap Optimization
Phase 3.3 Area Swap Optimization | Checksum: 2684f0952

Time (s): cpu = 00:00:01 ; elapsed = 00:00:01 . Memory (MB): peak = 2795.836 ; gain = 32.016 ; free physical = 3614 ; free virtual = 11517

Phase 3.4 Pipeline Register Optimization
Phase 3.4 Pipeline Register Optimization | Checksum: 2080bc136

Time (s): cpu = 00:00:01 ; elapsed = 00:00:01 . Memory (MB): peak = 2795.836 ; gain = 32.016 ; free physical = 3614 ; free virtual = 11517

Phase 3.5 Small Shape Detail Placement
Phase 3.5 Small Shape Detail Placement | Checksum: 33415155d

Time (s): cpu = 00:00:01 ; elapsed = 00:00:02 . Memory (MB): peak = 2795.836 ; gain = 32.016 ; free physical = 3612 ; free virtual = 11516

Phase 3.6 Re-assign LUT pins
Phase 3.6 Re-assign LUT pins | Checksum: 27fe4e65c

Time (s): cpu = 00:00:01 ; elapsed = 00:00:02 . Memory (MB): peak = 2795.836 ; gain = 32.016 ; free physical = 3612 ; free virtual = 11516

Phase 3.7 Pipeline Register Optimization
Phase 3.7 Pipeline Register Optimization | Checksum: 21f279e78

Time (s): cpu = 00:00:01 ; elapsed = 00:00:02 . Memory (MB): peak = 2795.836 ; gain = 32.016 ; free physical = 3612 ; free virtual = 11516
Phase 3 Detail Placement | Checksum: 21f279e78

Time (s): cpu = 00:00:01 ; elapsed = 00:00:02 . Memory (MB): peak = 2795.836 ; gain = 32.016 ; free physical = 3612 ; free virtual = 11516

Phase 4 Post Placement Optimization and Clean-Up

Phase 4.1 Post Commit Optimization
INFO: [Timing 38-35] Done setting XDC timing constraints.

Phase 4.1.1 Post Placement Optimization
Post Placement Optimization Initialization | Checksum: 16a0d90c8

Phase 4.1.1.1 BUFG Insertion

Starting Physical Synthesis Task

Phase 1 Physical Synthesis Initialization
INFO: [Physopt 32-721] Multithreading enabled for phys_opt_design using a maximum of 8 CPUs
INFO: [Physopt 32-619] Estimated Timing Summary | WNS=5.161 | TNS=0.000 |
Phase 1 Physical Synthesis Initialization | Checksum: e70129bd

Time (s): cpu = 00:00:00.01 ; elapsed = 00:00:00.01 . Memory (MB): peak = 2795.836 ; gain = 0.000 ; free physical = 3611 ; free virtual = 11516
INFO: [Place 46-56] BUFG insertion identified 0 candidate nets. Inserted BUFG: 0, Replicated BUFG Driver: 0, Skipped due to Placement/Routing Conflicts: 0, Skipped due to Timing Degradation: 0, Skipped due to netlist editing failed: 0.
Ending Physical Synthesis Task | Checksum: 11b62c1e0

Time (s): cpu = 00:00:00.01 ; elapsed = 00:00:00.02 . Memory (MB): peak = 2795.836 ; gain = 0.000 ; free physical = 3611 ; free virtual = 11516
Phase 4.1.1.1 BUFG Insertion | Checksum: 16a0d90c8

Time (s): cpu = 00:00:01 ; elapsed = 00:00:02 . Memory (MB): peak = 2795.836 ; gain = 32.016 ; free physical = 3611 ; free virtual = 11516

Phase 4.1.1.2 Post Placement Timing Optimization
INFO: [Place 30-746] Post Placement Timing Summary WNS=5.161. For the most accurate timing information please run report_timing.
Phase 4.1.1.2 Post Placement Timing Optimization | Checksum: 19fd3ef8b

Time (s): cpu = 00:00:01 ; elapsed = 00:00:02 . Memory (MB): peak = 2795.836 ; gain = 32.016 ; free physical = 3611 ; free virtual = 11516

Time (s): cpu = 00:00:01 ; elapsed = 00:00:02 . Memory (MB): peak = 2795.836 ; gain = 32.016 ; free physical = 3611 ; free virtual = 11516
Phase 4.1 Post Commit Optimization | Checksum: 19fd3ef8b

Time (s): cpu = 00:00:01 ; elapsed = 00:00:02 . Memory (MB): peak = 2795.836 ; gain = 32.016 ; free physical = 3611 ; free virtual = 11516

Phase 4.2 Post Placement Cleanup
Phase 4.2 Post Placement Cleanup | Checksum: 19fd3ef8b

Time (s): cpu = 00:00:01 ; elapsed = 00:00:02 . Memory (MB): peak = 2795.836 ; gain = 32.016 ; free physical = 3611 ; free virtual = 11516

Phase 4.3 Placer Reporting

Phase 4.3.1 Print Estimated Congestion
INFO: [Place 30-612] Post-Placement Estimated Congestion 
 ____________________________________________________
|           | Global Congestion | Short Congestion  |
| Direction | Region Size       | Region Size       |
|___________|___________________|___________________|
|      North|                1x1|                1x1|
|___________|___________________|___________________|
|      South|                1x1|                1x1|
|___________|___________________|___________________|
|       East|                1x1|                1x1|
|___________|___________________|___________________|
|       West|                1x1|                1x1|
|___________|___________________|___________________|

Phase 4.3.1 Print Estimated Congestion | Checksum: 19fd3ef8b

Time (s): cpu = 00:00:01 ; elapsed = 00:00:02 . Memory (MB): peak = 2795.836 ; gain = 32.016 ; free physical = 3611 ; free virtual = 11516
Phase 4.3 Placer Reporting | Checksum: 19fd3ef8b

Time (s): cpu = 00:00:01 ; elapsed = 00:00:02 . Memory (MB): peak = 2795.836 ; gain = 32.016 ; free physical = 3611 ; free virtual = 11516

Phase 4.4 Final Placement Cleanup
Netlist sorting complete. Time (s): cpu = 00:00:00 ; elapsed = 00:00:00 . Memory (MB): peak = 2795.836 ; gain = 0.000 ; free physical = 3611 ; free virtual = 11516

Time (s): cpu = 00:00:01 ; elapsed = 00:00:02 . Memory (MB): peak = 2795.836 ; gain = 32.016 ; free physical = 3611 ; free virtual = 11516
Phase 4 Post Placement Optimization and Clean-Up | Checksum: 1f750b9b7

Time (s): cpu = 00:00:01 ; elapsed = 00:00:02 . Memory (MB): peak = 2795.836 ; gain = 32.016 ; free physical = 3611 ; free virtual = 11516
Ending Placer Task | Checksum: 13919eaef

Time (s): cpu = 00:00:01 ; elapsed = 00:00:02 . Memory (MB): peak = 2795.836 ; gain = 32.016 ; free physical = 3611 ; free virtual = 11516
64 Infos, 0 Warnings, 0 Critical Warnings and 0 Errors encountered.
place_design completed successfully
INFO: [Vivado 12-24838] Running report commands "report_control_sets, report_io, report_utilization" in parallel.
Running report generation with 3 threads.
INFO: [Vivado 12-24828] Executing command : report_control_sets -verbose -file Arty_Digilent_TopLevel_control_sets_placed.rpt
report_control_sets: Time (s): cpu = 00:00:00.06 ; elapsed = 00:00:00.12 . Memory (MB): peak = 2795.836 ; gain = 0.000 ; free physical = 3588 ; free virtual = 11492
INFO: [Vivado 12-24828] Executing command : report_utilization -file Arty_Digilent_TopLevel_utilization_placed.rpt -pb Arty_Digilent_TopLevel_utilization_placed.pb
INFO: [Vivado 12-24828] Executing command : report_io -file Arty_Digilent_TopLevel_io_placed.rpt
report_io: Time (s): cpu = 00:00:00.16 ; elapsed = 00:00:00.34 . Memory (MB): peak = 2795.836 ; gain = 0.000 ; free physical = 3588 ; free virtual = 11492
INFO: [Timing 38-480] Writing timing data to binary archive.
Write ShapeDB Complete: Time (s): cpu = 00:00:00 ; elapsed = 00:00:00 . Memory (MB): peak = 2795.836 ; gain = 0.000 ; free physical = 3588 ; free virtual = 11492
Wrote PlaceDB: Time (s): cpu = 00:00:00.02 ; elapsed = 00:00:00.02 . Memory (MB): peak = 2795.836 ; gain = 0.000 ; free physical = 3588 ; free virtual = 11492
Wrote PulsedLatchDB: Time (s): cpu = 00:00:00 ; elapsed = 00:00:00 . Memory (MB): peak = 2795.836 ; gain = 0.000 ; free physical = 3588 ; free virtual = 11492
Writing XDEF routing.
Writing XDEF routing logical nets.
Writing XDEF routing special nets.
Wrote RouteStorage: Time (s): cpu = 00:00:00.03 ; elapsed = 00:00:00.03 . Memory (MB): peak = 2795.836 ; gain = 0.000 ; free physical = 3588 ; free virtual = 11492
Wrote Netlist Cache: Time (s): cpu = 00:00:00 ; elapsed = 00:00:00 . Memory (MB): peak = 2795.836 ; gain = 0.000 ; free physical = 3588 ; free virtual = 11492
Wrote Device Cache: Time (s): cpu = 00:00:00.01 ; elapsed = 00:00:00.02 . Memory (MB): peak = 2795.836 ; gain = 0.000 ; free physical = 3588 ; free virtual = 11493
Write Physdb Complete: Time (s): cpu = 00:00:00.06 ; elapsed = 00:00:00.07 . Memory (MB): peak = 2795.836 ; gain = 0.000 ; free physical = 3588 ; free virtual = 11493
INFO: [Common 17-1381] The checkpoint '/home/administrateur/vhdl2_ual/vhdl2_ual.runs/impl_1/Arty_Digilent_TopLevel_placed.dcp' has been generated.
Command: phys_opt_design
Attempting to get a license for feature 'Implementation' and/or device 'xc7a35t'
INFO: [Common 17-349] Got license for feature 'Implementation' and/or device 'xc7a35t'

Starting Initial Update Timing Task

Time (s): cpu = 00:00:00.03 ; elapsed = 00:00:00.05 . Memory (MB): peak = 2795.836 ; gain = 0.000 ; free physical = 3564 ; free virtual = 11469
INFO: [Vivado_Tcl 4-2279] Estimated Timing Summary | WNS= 5.161 | TNS= 0.000 | 
INFO: [Vivado_Tcl 4-383] Design worst setup slack (WNS) is greater than or equal to 0.000 ns. All physical synthesis setup optimizations will be skipped.
INFO: [Vivado_Tcl 4-232] No setup violation found. The netlist was not modified.
INFO: [Common 17-83] Releasing license: Implementation
75 Infos, 0 Warnings, 0 Critical Warnings and 0 Errors encountered.
phys_opt_design completed successfully
INFO: [Timing 38-480] Writing timing data to binary archive.
Write ShapeDB Complete: Time (s): cpu = 00:00:00 ; elapsed = 00:00:00 . Memory (MB): peak = 2795.836 ; gain = 0.000 ; free physical = 3564 ; free virtual = 11469
Wrote PlaceDB: Time (s): cpu = 00:00:00.03 ; elapsed = 00:00:00.04 . Memory (MB): peak = 2795.836 ; gain = 0.000 ; free physical = 3564 ; free virtual = 11469
Wrote PulsedLatchDB: Time (s): cpu = 00:00:00 ; elapsed = 00:00:00 . Memory (MB): peak = 2795.836 ; gain = 0.000 ; free physical = 3564 ; free virtual = 11469
Writing XDEF routing.
Writing XDEF routing logical nets.
Writing XDEF routing special nets.
Wrote RouteStorage: Time (s): cpu = 00:00:00.03 ; elapsed = 00:00:00.03 . Memory (MB): peak = 2795.836 ; gain = 0.000 ; free physical = 3564 ; free virtual = 11469
Wrote Netlist Cache: Time (s): cpu = 00:00:00 ; elapsed = 00:00:00 . Memory (MB): peak = 2795.836 ; gain = 0.000 ; free physical = 3564 ; free virtual = 11469
Wrote Device Cache: Time (s): cpu = 00:00:00 ; elapsed = 00:00:00.01 . Memory (MB): peak = 2795.836 ; gain = 0.000 ; free physical = 3564 ; free virtual = 11470
Write Physdb Complete: Time (s): cpu = 00:00:00.07 ; elapsed = 00:00:00.08 . Memory (MB): peak = 2795.836 ; gain = 0.000 ; free physical = 3564 ; free virtual = 11470
INFO: [Common 17-1381] The checkpoint '/home/administrateur/vhdl2_ual/vhdl2_ual.runs/impl_1/Arty_Digilent_TopLevel_physopt.dcp' has been generated.
Command: route_design
Attempting to get a license for feature 'Implementation' and/or device 'xc7a35t'
INFO: [Common 17-349] Got license for feature 'Implementation' and/or device 'xc7a35t'


Starting Routing Task
INFO: [Route 35-254] Multithreading enabled for route_design using a maximum of 2 CPUs

Phase 1 Build RT Design
Checksum: PlaceDB: 1c50abd1 ConstDB: 0 ShapeSum: 7c47e2c7 RouteDB: a0815c57
Post Restoration Checksum: NetGraph: 5d4c4edf | NumContArr: 1a8d0a9 | Constraints: c2a8fa9d | Timing: c2a8fa9d
Phase 1 Build RT Design | Checksum: 1e44714c2

Time (s): cpu = 00:00:19 ; elapsed = 00:00:21 . Memory (MB): peak = 2877.996 ; gain = 82.160 ; free physical = 3468 ; free virtual = 11374

Phase 2 Router Initialization

Phase 2.1 Fix Topology Constraints
Phase 2.1 Fix Topology Constraints | Checksum: 1e44714c2

Time (s): cpu = 00:00:19 ; elapsed = 00:00:21 . Memory (MB): peak = 2877.996 ; gain = 82.160 ; free physical = 3468 ; free virtual = 11374

Phase 2.2 Pre Route Cleanup
Phase 2.2 Pre Route Cleanup | Checksum: 1e44714c2

Time (s): cpu = 00:00:19 ; elapsed = 00:00:21 . Memory (MB): peak = 2877.996 ; gain = 82.160 ; free physical = 3468 ; free virtual = 11374
 Number of Nodes with overlaps = 0

Phase 2.3 Update Timing
Phase 2.3 Update Timing | Checksum: 2026d552a

Time (s): cpu = 00:00:20 ; elapsed = 00:00:21 . Memory (MB): peak = 2903.059 ; gain = 107.223 ; free physical = 3444 ; free virtual = 11351
INFO: [Route 35-416] Intermediate Timing Summary | WNS=5.126  | TNS=0.000  | WHS=-0.087 | THS=-0.636 |


Phase 2.4 Soft Constraint Pins - Fast Budgeting
Phase 2.4 Soft Constraint Pins - Fast Budgeting | Checksum: 210000837

Time (s): cpu = 00:00:20 ; elapsed = 00:00:21 . Memory (MB): peak = 2919.059 ; gain = 123.223 ; free physical = 3443 ; free virtual = 11350

Router Utilization Summary
  Global Vertical Routing Utilization    = 0 %
  Global Horizontal Routing Utilization  = 0 %
  Routable Net Status*
  *Does not include unroutable nets such as driverless and loadless.
  Run report_route_status for detailed report.
  Number of Failed Nets               = 132
    (Failed Nets is the sum of unrouted and partially routed nets)
  Number of Unrouted Nets             = 132
  Number of Partially Routed Nets     = 0
  Number of Node Overlaps             = 0

Phase 2 Router Initialization | Checksum: 210000837

Time (s): cpu = 00:00:20 ; elapsed = 00:00:21 . Memory (MB): peak = 2919.059 ; gain = 123.223 ; free physical = 3448 ; free virtual = 11355

Phase 3 Global Routing
Phase 3 Global Routing | Checksum: 210000837

Time (s): cpu = 00:00:20 ; elapsed = 00:00:21 . Memory (MB): peak = 2919.059 ; gain = 123.223 ; free physical = 3447 ; free virtual = 11354

Phase 4 Initial Routing

Phase 4.1 Initial Net Routing Pass
Phase 4.1 Initial Net Routing Pass | Checksum: 273ed33f1

Time (s): cpu = 00:00:20 ; elapsed = 00:00:22 . Memory (MB): peak = 2919.059 ; gain = 123.223 ; free physical = 3448 ; free virtual = 11355
Phase 4 Initial Routing | Checksum: 273ed33f1

Time (s): cpu = 00:00:20 ; elapsed = 00:00:22 . Memory (MB): peak = 2919.059 ; gain = 123.223 ; free physical = 3448 ; free virtual = 11355

Phase 5 Rip-up And Reroute

Phase 5.1 Global Iteration 0
 Number of Nodes with overlaps = 16
 Number of Nodes with overlaps = 0
INFO: [Route 35-416] Intermediate Timing Summary | WNS=4.860  | TNS=0.000  | WHS=N/A    | THS=N/A    |

Phase 5.1 Global Iteration 0 | Checksum: 2575cb978

Time (s): cpu = 00:00:20 ; elapsed = 00:00:22 . Memory (MB): peak = 2919.059 ; gain = 123.223 ; free physical = 3447 ; free virtual = 11355
Phase 5 Rip-up And Reroute | Checksum: 2575cb978

Time (s): cpu = 00:00:20 ; elapsed = 00:00:22 . Memory (MB): peak = 2919.059 ; gain = 123.223 ; free physical = 3447 ; free virtual = 11355

Phase 6 Delay and Skew Optimization

Phase 6.1 Delay CleanUp

Phase 6.1.1 Update Timing
Phase 6.1.1 Update Timing | Checksum: 2cb0bd7c3

Time (s): cpu = 00:00:20 ; elapsed = 00:00:22 . Memory (MB): peak = 2919.059 ; gain = 123.223 ; free physical = 3447 ; free virtual = 11355
INFO: [Route 35-416] Intermediate Timing Summary | WNS=4.954  | TNS=0.000  | WHS=N/A    | THS=N/A    |

Phase 6.1 Delay CleanUp | Checksum: 2cb0bd7c3

Time (s): cpu = 00:00:20 ; elapsed = 00:00:22 . Memory (MB): peak = 2919.059 ; gain = 123.223 ; free physical = 3447 ; free virtual = 11355

Phase 6.2 Clock Skew Optimization
Phase 6.2 Clock Skew Optimization | Checksum: 2cb0bd7c3

Time (s): cpu = 00:00:20 ; elapsed = 00:00:22 . Memory (MB): peak = 2919.059 ; gain = 123.223 ; free physical = 3447 ; free virtual = 11355
Phase 6 Delay and Skew Optimization | Checksum: 2cb0bd7c3

Time (s): cpu = 00:00:20 ; elapsed = 00:00:22 . Memory (MB): peak = 2919.059 ; gain = 123.223 ; free physical = 3447 ; free virtual = 11355

Phase 7 Post Hold Fix

Phase 7.1 Hold Fix Iter
INFO: [Route 35-416] Intermediate Timing Summary | WNS=4.954  | TNS=0.000  | WHS=0.185  | THS=0.000  |

Phase 7.1 Hold Fix Iter | Checksum: 2c733c8da

Time (s): cpu = 00:00:20 ; elapsed = 00:00:22 . Memory (MB): peak = 2919.059 ; gain = 123.223 ; free physical = 3447 ; free virtual = 11355
Phase 7 Post Hold Fix | Checksum: 2c733c8da

Time (s): cpu = 00:00:20 ; elapsed = 00:00:22 . Memory (MB): peak = 2919.059 ; gain = 123.223 ; free physical = 3447 ; free virtual = 11355

Phase 8 Route finalize

Router Utilization Summary
  Global Vertical Routing Utilization    = 0.0798852 %
  Global Horizontal Routing Utilization  = 0.0707965 %
  Routable Net Status*
  *Does not include unroutable nets such as driverless and loadless.
  Run report_route_status for detailed report.
  Number of Failed Nets               = 0
    (Failed Nets is the sum of unrouted and partially routed nets)
  Number of Unrouted Nets             = 0
  Number of Partially Routed Nets     = 0
  Number of Node Overlaps             = 0

Phase 8 Route finalize | Checksum: 2c733c8da

Time (s): cpu = 00:00:20 ; elapsed = 00:00:22 . Memory (MB): peak = 2919.059 ; gain = 123.223 ; free physical = 3447 ; free virtual = 11355

Phase 9 Verifying routed nets

 Verification completed successfully
Phase 9 Verifying routed nets | Checksum: 2c733c8da

Time (s): cpu = 00:00:20 ; elapsed = 00:00:22 . Memory (MB): peak = 2919.059 ; gain = 123.223 ; free physical = 3447 ; free virtual = 11354

Phase 10 Depositing Routes
Phase 10 Depositing Routes | Checksum: 2cfa8b510

Time (s): cpu = 00:00:20 ; elapsed = 00:00:22 . Memory (MB): peak = 2919.059 ; gain = 123.223 ; free physical = 3447 ; free virtual = 11354

Phase 11 Post Process Routing
Phase 11 Post Process Routing | Checksum: 2cfa8b510

Time (s): cpu = 00:00:20 ; elapsed = 00:00:22 . Memory (MB): peak = 2919.059 ; gain = 123.223 ; free physical = 3447 ; free virtual = 11354

Phase 12 Post Router Timing
INFO: [Route 35-57] Estimated Timing Summary | WNS=4.954  | TNS=0.000  | WHS=0.185  | THS=0.000  |

INFO: [Route 35-327] The final timing numbers are based on the router estimated timing analysis. For a complete and accurate timing signoff, please run report_timing_summary.
Phase 12 Post Router Timing | Checksum: 2cfa8b510

Time (s): cpu = 00:00:20 ; elapsed = 00:00:22 . Memory (MB): peak = 2919.059 ; gain = 123.223 ; free physical = 3446 ; free virtual = 11354
Total Elapsed time in route_design: 21.8 secs

Phase 13 Post-Route Event Processing
Phase 13 Post-Route Event Processing | Checksum: 18d8910ea

Time (s): cpu = 00:00:20 ; elapsed = 00:00:22 . Memory (MB): peak = 2919.059 ; gain = 123.223 ; free physical = 3446 ; free virtual = 11354
INFO: [Route 35-16] Router Completed Successfully
Ending Routing Task | Checksum: 18d8910ea

Time (s): cpu = 00:00:20 ; elapsed = 00:00:22 . Memory (MB): peak = 2919.059 ; gain = 123.223 ; free physical = 3446 ; free virtual = 11354

Routing Is Done.
INFO: [Common 17-83] Releasing license: Implementation
87 Infos, 0 Warnings, 0 Critical Warnings and 0 Errors encountered.
route_design completed successfully
route_design: Time (s): cpu = 00:00:20 ; elapsed = 00:00:22 . Memory (MB): peak = 2919.059 ; gain = 123.223 ; free physical = 3444 ; free virtual = 11351
INFO: [Vivado 12-24828] Executing command : report_drc -file Arty_Digilent_TopLevel_drc_routed.rpt -pb Arty_Digilent_TopLevel_drc_routed.pb -rpx Arty_Digilent_TopLevel_drc_routed.rpx
Command: report_drc -file Arty_Digilent_TopLevel_drc_routed.rpt -pb Arty_Digilent_TopLevel_drc_routed.pb -rpx Arty_Digilent_TopLevel_drc_routed.rpx
INFO: [IP_Flow 19-1839] IP Catalog is up to date.
INFO: [DRC 23-27] Running DRC with 2 threads
INFO: [Vivado_Tcl 2-168] The results of DRC are in file /home/administrateur/vhdl2_ual/vhdl2_ual.runs/impl_1/Arty_Digilent_TopLevel_drc_routed.rpt.
report_drc completed successfully
INFO: [Vivado 12-24828] Executing command : report_methodology -file Arty_Digilent_TopLevel_methodology_drc_routed.rpt -pb Arty_Digilent_TopLevel_methodology_drc_routed.pb -rpx Arty_Digilent_TopLevel_methodology_drc_routed.rpx
Command: report_methodology -file Arty_Digilent_TopLevel_methodology_drc_routed.rpt -pb Arty_Digilent_TopLevel_methodology_drc_routed.pb -rpx Arty_Digilent_TopLevel_methodology_drc_routed.rpx
INFO: [Timing 38-35] Done setting XDC timing constraints.
INFO: [DRC 23-133] Running Methodology with 2 threads
INFO: [Vivado_Tcl 2-1520] The results of Report Methodology are in file /home/administrateur/vhdl2_ual/vhdl2_ual.runs/impl_1/Arty_Digilent_TopLevel_methodology_drc_routed.rpt.
report_methodology completed successfully
INFO: [Vivado 12-24828] Executing command : report_timing_summary -max_paths 10 -routable_nets -report_unconstrained -file Arty_Digilent_TopLevel_timing_summary_routed.rpt -pb Arty_Digilent_TopLevel_timing_summary_routed.pb -rpx Arty_Digilent_TopLevel_timing_summary_routed.rpx -warn_on_violation 
INFO: [Timing 38-35] Done setting XDC timing constraints.
INFO: [Timing 38-91] UpdateTimingParams: Speed grade: -1, Delay Type: min_max.
INFO: [Timing 38-191] Multithreading enabled for timing update using a maximum of 8 CPUs
INFO: [Vivado 12-24838] Running report commands "report_bus_skew, report_incremental_reuse, report_route_status" in parallel.
Running report generation with 3 threads.
INFO: [Vivado 12-24828] Executing command : report_route_status -file Arty_Digilent_TopLevel_route_status.rpt -pb Arty_Digilent_TopLevel_route_status.pb
INFO: [Vivado 12-24828] Executing command : report_incremental_reuse -file Arty_Digilent_TopLevel_incremental_reuse_routed.rpt
INFO: [Vivado_Tcl 4-1062] Incremental flow is disabled. No incremental reuse Info to report.
INFO: [Vivado 12-24828] Executing command : report_bus_skew -warn_on_violation -file Arty_Digilent_TopLevel_bus_skew_routed.rpt -pb Arty_Digilent_TopLevel_bus_skew_routed.pb -rpx Arty_Digilent_TopLevel_bus_skew_routed.rpx
INFO: [Timing 38-91] UpdateTimingParams: Speed grade: -1, Delay Type: min_max.
INFO: [Timing 38-191] Multithreading enabled for timing update using a maximum of 8 CPUs
INFO: [Vivado 12-24828] Executing command : report_power -file Arty_Digilent_TopLevel_power_routed.rpt -pb Arty_Digilent_TopLevel_power_summary_routed.pb -rpx Arty_Digilent_TopLevel_power_routed.rpx
Command: report_power -file Arty_Digilent_TopLevel_power_routed.rpt -pb Arty_Digilent_TopLevel_power_summary_routed.pb -rpx Arty_Digilent_TopLevel_power_routed.rpx
Running Vector-less Activity Propagation...

Finished Running Vector-less Activity Propagation
107 Infos, 0 Warnings, 0 Critical Warnings and 0 Errors encountered.
report_power completed successfully
INFO: [Vivado 12-24828] Executing command : report_clock_utilization -file Arty_Digilent_TopLevel_clock_utilization_routed.rpt
generate_parallel_reports: Time (s): cpu = 00:00:08 ; elapsed = 00:00:08 . Memory (MB): peak = 3162.301 ; gain = 243.242 ; free physical = 3354 ; free virtual = 11262
INFO: [Timing 38-480] Writing timing data to binary archive.
Write ShapeDB Complete: Time (s): cpu = 00:00:00 ; elapsed = 00:00:00 . Memory (MB): peak = 3162.301 ; gain = 0.000 ; free physical = 3354 ; free virtual = 11262
Wrote PlaceDB: Time (s): cpu = 00:00:00.02 ; elapsed = 00:00:00.02 . Memory (MB): peak = 3162.301 ; gain = 0.000 ; free physical = 3353 ; free virtual = 11262
Wrote PulsedLatchDB: Time (s): cpu = 00:00:00 ; elapsed = 00:00:00 . Memory (MB): peak = 3162.301 ; gain = 0.000 ; free physical = 3353 ; free virtual = 11262
Writing XDEF routing.
Writing XDEF routing logical nets.
Writing XDEF routing special nets.
Wrote RouteStorage: Time (s): cpu = 00:00:00.06 ; elapsed = 00:00:00.05 . Memory (MB): peak = 3162.301 ; gain = 0.000 ; free physical = 3353 ; free virtual = 11262
Wrote Netlist Cache: Time (s): cpu = 00:00:00 ; elapsed = 00:00:00 . Memory (MB): peak = 3162.301 ; gain = 0.000 ; free physical = 3353 ; free virtual = 11262
Wrote Device Cache: Time (s): cpu = 00:00:00.01 ; elapsed = 00:00:00.01 . Memory (MB): peak = 3162.301 ; gain = 0.000 ; free physical = 3352 ; free virtual = 11262
Write Physdb Complete: Time (s): cpu = 00:00:00.09 ; elapsed = 00:00:00.08 . Memory (MB): peak = 3162.301 ; gain = 0.000 ; free physical = 3352 ; free virtual = 11262
INFO: [Common 17-1381] The checkpoint '/home/administrateur/vhdl2_ual/vhdl2_ual.runs/impl_1/Arty_Digilent_TopLevel_routed.dcp' has been generated.
Command: write_bitstream -force Arty_Digilent_TopLevel.bit
Attempting to get a license for feature 'Implementation' and/or device 'xc7a35t'
INFO: [Common 17-349] Got license for feature 'Implementation' and/or device 'xc7a35t'
Running DRC as a precondition to command write_bitstream
INFO: [IP_Flow 19-1839] IP Catalog is up to date.
INFO: [DRC 23-27] Running DRC with 2 threads
INFO: [Vivado 12-3199] DRC finished with 0 Errors
INFO: [Vivado 12-3200] Please refer to the DRC report (report_drc) for more information.
INFO: [Designutils 20-2272] Running write_bitstream with 8 threads.
Loading data files...
Loading site data...
Loading route data...
Processing options...
Creating bitmap...
Creating bitstream...
Writing bitstream ./Arty_Digilent_TopLevel.bit...
INFO: [Vivado 12-1842] Bitgen Completed Successfully.
INFO: [Project 1-1876] WebTalk data collection is mandatory when using a ULT device. To see the specific WebTalk data collected for your design, open the usage_statistics_webtalk.html or usage_statistics_webtalk.xml file in the implementation directory.
INFO: [Common 17-83] Releasing license: Implementation
119 Infos, 0 Warnings, 0 Critical Warnings and 0 Errors encountered.
write_bitstream completed successfully
write_bitstream: Time (s): cpu = 00:00:12 ; elapsed = 00:00:32 . Memory (MB): peak = 3417.582 ; gain = 255.281 ; free physical = 3045 ; free virtual = 10961
INFO: [Common 17-206] Exiting Vivado at Wed May 13 16:18:28 2026...
