
*** Running vivado
    with args -log Arty_Digilent_TopLevel.vds -m64 -product Vivado -mode batch -messageDb vivado.pb -notrace -source Arty_Digilent_TopLevel.tcl


****** Vivado v2025.1 (64-bit)
  **** SW Build 6140274 on Wed May 21 22:58:25 MDT 2025
  **** IP Build 6138677 on Thu May 22 03:10:11 MDT 2025
  **** SharedData Build 6139179 on Tue May 20 17:58:58 MDT 2025
  **** Start of session at: Wed May 13 16:15:22 2026
    ** Copyright 1986-2022 Xilinx, Inc. All Rights Reserved.
    ** Copyright 2022-2025 Advanced Micro Devices, Inc. All Rights Reserved.

source Arty_Digilent_TopLevel.tcl -notrace
create_project: Time (s): cpu = 00:00:09 ; elapsed = 00:00:09 . Memory (MB): peak = 1593.305 ; gain = 64.059 ; free physical = 4756 ; free virtual = 12562
Command: synth_design -top Arty_Digilent_TopLevel -part xc7a35tcsg324-1
Starting synth_design
Attempting to get a license for feature 'Synthesis' and/or device 'xc7a35t'
INFO: [Common 17-349] Got license for feature 'Synthesis' and/or device 'xc7a35t'
INFO: [Device 21-403] Loading part xc7a35tcsg324-1
INFO: [Synth 8-7079] Multithreading enabled for synth_design using a maximum of 7 processes.
INFO: [Synth 8-7078] Launching helper process for spawning children vivado processes
INFO: [Synth 8-7075] Helper process launched with PID 39465
---------------------------------------------------------------------------------
Starting RTL Elaboration : Time (s): cpu = 00:00:05 ; elapsed = 00:00:09 . Memory (MB): peak = 2085.562 ; gain = 441.711 ; free physical = 4018 ; free virtual = 11858
---------------------------------------------------------------------------------
INFO: [Synth 8-638] synthesizing module 'Arty_Digilent_TopLevel' [/home/administrateur/vhdl2_ual/vhdl2_ual.srcs/sources_1/imports/ual/Arty_Digilent_TopLevel_Empty.vhd:18]
INFO: [Synth 8-638] synthesizing module 'ual_system_top' [/home/administrateur/vhdl2_ual/vhdl2_ual.srcs/sources_1/imports/ual/ual_system_top.vhd:41]
INFO: [Synth 8-638] synthesizing module 'memory_controller' [/home/administrateur/vhdl2_ual/vhdl2_ual.srcs/sources_1/imports/ual/memory_controller.vhd:39]
INFO: [Synth 8-638] synthesizing module 'instruction_memory' [/home/administrateur/vhdl2_ual/vhdl2_ual.srcs/sources_1/imports/ual/instruction_memory.vhd:16]
INFO: [Synth 8-256] done synthesizing module 'instruction_memory' (0#1) [/home/administrateur/vhdl2_ual/vhdl2_ual.srcs/sources_1/imports/ual/instruction_memory.vhd:16]
INFO: [Synth 8-638] synthesizing module 'register_sync' [/home/administrateur/vhdl2_ual/vhdl2_ual.srcs/sources_1/imports/ual/register.vhd:19]
	Parameter WIDTH bound to: 4 - type: integer 
INFO: [Synth 8-256] done synthesizing module 'register_sync' (0#1) [/home/administrateur/vhdl2_ual/vhdl2_ual.srcs/sources_1/imports/ual/register.vhd:19]
INFO: [Synth 8-638] synthesizing module 'register_sync__parameterized0' [/home/administrateur/vhdl2_ual/vhdl2_ual.srcs/sources_1/imports/ual/register.vhd:19]
	Parameter WIDTH bound to: 2 - type: integer 
INFO: [Synth 8-256] done synthesizing module 'register_sync__parameterized0' (0#1) [/home/administrateur/vhdl2_ual/vhdl2_ual.srcs/sources_1/imports/ual/register.vhd:19]
INFO: [Synth 8-638] synthesizing module 'register_sync__parameterized1' [/home/administrateur/vhdl2_ual/vhdl2_ual.srcs/sources_1/imports/ual/register.vhd:19]
	Parameter WIDTH bound to: 1 - type: integer 
INFO: [Synth 8-256] done synthesizing module 'register_sync__parameterized1' (0#1) [/home/administrateur/vhdl2_ual/vhdl2_ual.srcs/sources_1/imports/ual/register.vhd:19]
INFO: [Synth 8-638] synthesizing module 'buffer_with_route' [/home/administrateur/vhdl2_ual/vhdl2_ual.srcs/sources_1/imports/ual/buffer_with_route.vhd:25]
	Parameter WIDTH bound to: 4 - type: integer 
INFO: [Synth 8-226] default block is never used [/home/administrateur/vhdl2_ual/vhdl2_ual.srcs/sources_1/imports/ual/buffer_with_route.vhd:34]
INFO: [Synth 8-256] done synthesizing module 'buffer_with_route' (0#1) [/home/administrateur/vhdl2_ual/vhdl2_ual.srcs/sources_1/imports/ual/buffer_with_route.vhd:25]
INFO: [Synth 8-638] synthesizing module 'buffer_with_route__parameterized0' [/home/administrateur/vhdl2_ual/vhdl2_ual.srcs/sources_1/imports/ual/buffer_with_route.vhd:25]
	Parameter WIDTH bound to: 8 - type: integer 
INFO: [Synth 8-226] default block is never used [/home/administrateur/vhdl2_ual/vhdl2_ual.srcs/sources_1/imports/ual/buffer_with_route.vhd:34]
INFO: [Synth 8-256] done synthesizing module 'buffer_with_route__parameterized0' (0#1) [/home/administrateur/vhdl2_ual/vhdl2_ual.srcs/sources_1/imports/ual/buffer_with_route.vhd:25]
INFO: [Synth 8-256] done synthesizing module 'memory_controller' (0#1) [/home/administrateur/vhdl2_ual/vhdl2_ual.srcs/sources_1/imports/ual/memory_controller.vhd:39]
INFO: [Synth 8-638] synthesizing module 'UAL' [/home/administrateur/vhdl2_ual/vhdl2_ual.srcs/sources_1/imports/ual/ual.vhd:20]
INFO: [Synth 8-226] default block is never used [/home/administrateur/vhdl2_ual/vhdl2_ual.srcs/sources_1/imports/ual/ual.vhd:39]
INFO: [Synth 8-256] done synthesizing module 'UAL' (0#1) [/home/administrateur/vhdl2_ual/vhdl2_ual.srcs/sources_1/imports/ual/ual.vhd:20]
INFO: [Synth 8-638] synthesizing module 'custom_operations' [/home/administrateur/vhdl2_ual/vhdl2_ual.srcs/sources_1/imports/ual/custom_operations.vhd:26]
INFO: [Synth 8-256] done synthesizing module 'custom_operations' (0#1) [/home/administrateur/vhdl2_ual/vhdl2_ual.srcs/sources_1/imports/ual/custom_operations.vhd:26]
INFO: [Synth 8-256] done synthesizing module 'ual_system_top' (0#1) [/home/administrateur/vhdl2_ual/vhdl2_ual.srcs/sources_1/imports/ual/ual_system_top.vhd:41]
INFO: [Synth 8-256] done synthesizing module 'Arty_Digilent_TopLevel' (0#1) [/home/administrateur/vhdl2_ual/vhdl2_ual.srcs/sources_1/imports/ual/Arty_Digilent_TopLevel_Empty.vhd:18]
WARNING: [Synth 8-3917] design Arty_Digilent_TopLevel has port led0_g driven by constant 0
WARNING: [Synth 8-3917] design Arty_Digilent_TopLevel has port led1_g driven by constant 0
WARNING: [Synth 8-3917] design Arty_Digilent_TopLevel has port led2_g driven by constant 0
WARNING: [Synth 8-3917] design Arty_Digilent_TopLevel has port led2_b driven by constant 0
WARNING: [Synth 8-3917] design Arty_Digilent_TopLevel has port led3_b driven by constant 0
WARNING: [Synth 8-7129] Port SEL_ROUTE[3] in module UAL is either unconnected or has no load
WARNING: [Synth 8-7129] Port SEL_ROUTE[2] in module UAL is either unconnected or has no load
WARNING: [Synth 8-7129] Port SEL_ROUTE[1] in module UAL is either unconnected or has no load
WARNING: [Synth 8-7129] Port SEL_ROUTE[0] in module UAL is either unconnected or has no load
WARNING: [Synth 8-7129] Port SEL_OUT[1] in module UAL is either unconnected or has no load
WARNING: [Synth 8-7129] Port SEL_OUT[0] in module UAL is either unconnected or has no load
WARNING: [Synth 8-7129] Port SR_OUT_L in module memory_controller is either unconnected or has no load
WARNING: [Synth 8-7129] Port SR_OUT_R in module memory_controller is either unconnected or has no load
---------------------------------------------------------------------------------
Finished RTL Elaboration : Time (s): cpu = 00:00:07 ; elapsed = 00:00:11 . Memory (MB): peak = 2160.531 ; gain = 516.680 ; free physical = 3949 ; free virtual = 11792
---------------------------------------------------------------------------------
---------------------------------------------------------------------------------
Start Handling Custom Attributes
---------------------------------------------------------------------------------
---------------------------------------------------------------------------------
Finished Handling Custom Attributes : Time (s): cpu = 00:00:07 ; elapsed = 00:00:11 . Memory (MB): peak = 2178.344 ; gain = 534.492 ; free physical = 3945 ; free virtual = 11787
---------------------------------------------------------------------------------
---------------------------------------------------------------------------------
Finished RTL Optimization Phase 1 : Time (s): cpu = 00:00:07 ; elapsed = 00:00:11 . Memory (MB): peak = 2178.344 ; gain = 534.492 ; free physical = 3945 ; free virtual = 11787
---------------------------------------------------------------------------------
Netlist sorting complete. Time (s): cpu = 00:00:00 ; elapsed = 00:00:00.01 . Memory (MB): peak = 2178.344 ; gain = 0.000 ; free physical = 3945 ; free virtual = 11787
INFO: [Project 1-570] Preparing netlist for logic optimization

Processing XDC Constraints
Initializing timing engine
Parsing XDC File [/home/administrateur/vhdl2_ual/vhdl2_ual.srcs/constrs_1/imports/Documents/Arty_Digilent_TopLevel_Constraints.xdc]
Finished Parsing XDC File [/home/administrateur/vhdl2_ual/vhdl2_ual.srcs/constrs_1/imports/Documents/Arty_Digilent_TopLevel_Constraints.xdc]
INFO: [Project 1-236] Implementation specific constraints were found while reading constraint file [/home/administrateur/vhdl2_ual/vhdl2_ual.srcs/constrs_1/imports/Documents/Arty_Digilent_TopLevel_Constraints.xdc]. These constraints will be ignored for synthesis but will be used in implementation. Impacted constraints are listed in the file [.Xil/Arty_Digilent_TopLevel_propImpl.xdc].
Resolution: To avoid this warning, move constraints listed in [.Xil/Arty_Digilent_TopLevel_propImpl.xdc] to another XDC file and exclude this new file from synthesis with the used_in_synthesis property (File Properties dialog in GUI) and re-run elaboration/synthesis.
Completed Processing XDC Constraints

Netlist sorting complete. Time (s): cpu = 00:00:00 ; elapsed = 00:00:00 . Memory (MB): peak = 2308.082 ; gain = 0.000 ; free physical = 3910 ; free virtual = 11769
INFO: [Project 1-111] Unisim Transformation Summary:
No Unisim elements were transformed.

Constraint Validation Runtime : Time (s): cpu = 00:00:00 ; elapsed = 00:00:00 . Memory (MB): peak = 2308.117 ; gain = 0.000 ; free physical = 3912 ; free virtual = 11771
---------------------------------------------------------------------------------
Finished Constraint Validation : Time (s): cpu = 00:00:15 ; elapsed = 00:00:21 . Memory (MB): peak = 2308.117 ; gain = 664.266 ; free physical = 3907 ; free virtual = 11767
---------------------------------------------------------------------------------
---------------------------------------------------------------------------------
Start Loading Part and Timing Information
---------------------------------------------------------------------------------
Loading part: xc7a35tcsg324-1
---------------------------------------------------------------------------------
Finished Loading Part and Timing Information : Time (s): cpu = 00:00:15 ; elapsed = 00:00:21 . Memory (MB): peak = 2316.086 ; gain = 672.234 ; free physical = 3907 ; free virtual = 11767
---------------------------------------------------------------------------------
---------------------------------------------------------------------------------
Start Applying 'set_property' XDC Constraints
---------------------------------------------------------------------------------
---------------------------------------------------------------------------------
Finished applying 'set_property' XDC Constraints : Time (s): cpu = 00:00:15 ; elapsed = 00:00:21 . Memory (MB): peak = 2316.086 ; gain = 672.234 ; free physical = 3907 ; free virtual = 11767
---------------------------------------------------------------------------------
INFO: [Synth 8-802] inferred FSM for state register 'state_reg' in module 'custom_operations'
---------------------------------------------------------------------------------------------------
                   State |                     New Encoding |                Previous Encoding 
---------------------------------------------------------------------------------------------------
                    idle |                              001 |                               00
               computing |                              010 |                               01
            result_ready |                              100 |                               10
---------------------------------------------------------------------------------------------------
INFO: [Synth 8-3354] encoded FSM with state register 'state_reg' using encoding 'one-hot' in module 'custom_operations'
---------------------------------------------------------------------------------
Finished RTL Optimization Phase 2 : Time (s): cpu = 00:00:15 ; elapsed = 00:00:21 . Memory (MB): peak = 2316.086 ; gain = 672.234 ; free physical = 3903 ; free virtual = 11763
---------------------------------------------------------------------------------
---------------------------------------------------------------------------------
Start RTL Component Statistics 
---------------------------------------------------------------------------------
Detailed RTL Component Info : 
+---Adders : 
	   2 Input    7 Bit       Adders := 2     
	   2 Input    5 Bit       Adders := 1     
	   2 Input    4 Bit       Adders := 1     
	   3 Input    4 Bit       Adders := 2     
+---XORs : 
	   2 Input      4 Bit         XORs := 3     
+---Registers : 
	                8 Bit    Registers := 3     
	                7 Bit    Registers := 1     
	                4 Bit    Registers := 6     
	                2 Bit    Registers := 2     
	                1 Bit    Registers := 4     
+---Muxes : 
	 129 Input   10 Bit        Muxes := 1     
	   4 Input    8 Bit        Muxes := 3     
	   2 Input    8 Bit        Muxes := 1     
	   3 Input    8 Bit        Muxes := 1     
	   4 Input    4 Bit        Muxes := 2     
	   3 Input    3 Bit        Muxes := 1     
	   2 Input    2 Bit        Muxes := 1     
	   4 Input    1 Bit        Muxes := 4     
	  16 Input    1 Bit        Muxes := 2     
	   3 Input    1 Bit        Muxes := 4     
---------------------------------------------------------------------------------
Finished RTL Component Statistics 
---------------------------------------------------------------------------------
---------------------------------------------------------------------------------
Start Part Resource Summary
---------------------------------------------------------------------------------
Part Resources:
DSPs: 90 (col length:60)
BRAMs: 100 (col length: RAMB18 60 RAMB36 30)
---------------------------------------------------------------------------------
Finished Part Resource Summary
---------------------------------------------------------------------------------
---------------------------------------------------------------------------------
Start Cross Boundary and Area Optimization
---------------------------------------------------------------------------------
WARNING: [Synth 8-7080] Parallel synthesis criteria is not met
WARNING: [Synth 8-3917] design Arty_Digilent_TopLevel has port led0_g driven by constant 0
WARNING: [Synth 8-3917] design Arty_Digilent_TopLevel has port led1_g driven by constant 0
WARNING: [Synth 8-3917] design Arty_Digilent_TopLevel has port led2_g driven by constant 0
WARNING: [Synth 8-3917] design Arty_Digilent_TopLevel has port led2_b driven by constant 0
WARNING: [Synth 8-3917] design Arty_Digilent_TopLevel has port led3_b driven by constant 0
---------------------------------------------------------------------------------
Finished Cross Boundary and Area Optimization : Time (s): cpu = 00:00:18 ; elapsed = 00:00:24 . Memory (MB): peak = 2316.086 ; gain = 672.234 ; free physical = 3875 ; free virtual = 11742
---------------------------------------------------------------------------------
---------------------------------------------------------------------------------
Start Applying XDC Timing Constraints
---------------------------------------------------------------------------------
---------------------------------------------------------------------------------
Finished Applying XDC Timing Constraints : Time (s): cpu = 00:00:24 ; elapsed = 00:00:31 . Memory (MB): peak = 2350.086 ; gain = 706.234 ; free physical = 3787 ; free virtual = 11661
---------------------------------------------------------------------------------
---------------------------------------------------------------------------------
Start Timing Optimization
---------------------------------------------------------------------------------
---------------------------------------------------------------------------------
Finished Timing Optimization : Time (s): cpu = 00:00:25 ; elapsed = 00:00:31 . Memory (MB): peak = 2386.133 ; gain = 742.281 ; free physical = 3747 ; free virtual = 11621
---------------------------------------------------------------------------------
---------------------------------------------------------------------------------
Start Technology Mapping
---------------------------------------------------------------------------------
---------------------------------------------------------------------------------
Finished Technology Mapping : Time (s): cpu = 00:00:25 ; elapsed = 00:00:32 . Memory (MB): peak = 2386.133 ; gain = 742.281 ; free physical = 3747 ; free virtual = 11621
---------------------------------------------------------------------------------
---------------------------------------------------------------------------------
Start IO Insertion
---------------------------------------------------------------------------------
---------------------------------------------------------------------------------
Start Flattening Before IO Insertion
---------------------------------------------------------------------------------
---------------------------------------------------------------------------------
Finished Flattening Before IO Insertion
---------------------------------------------------------------------------------
---------------------------------------------------------------------------------
Start Final Netlist Cleanup
---------------------------------------------------------------------------------
---------------------------------------------------------------------------------
Finished Final Netlist Cleanup
---------------------------------------------------------------------------------
---------------------------------------------------------------------------------
Finished IO Insertion : Time (s): cpu = 00:00:29 ; elapsed = 00:00:37 . Memory (MB): peak = 2537.945 ; gain = 894.094 ; free physical = 3612 ; free virtual = 11487
---------------------------------------------------------------------------------
---------------------------------------------------------------------------------
Start Renaming Generated Instances
---------------------------------------------------------------------------------
---------------------------------------------------------------------------------
Finished Renaming Generated Instances : Time (s): cpu = 00:00:29 ; elapsed = 00:00:37 . Memory (MB): peak = 2537.945 ; gain = 894.094 ; free physical = 3612 ; free virtual = 11487
---------------------------------------------------------------------------------
---------------------------------------------------------------------------------
Start Rebuilding User Hierarchy
---------------------------------------------------------------------------------
---------------------------------------------------------------------------------
Finished Rebuilding User Hierarchy : Time (s): cpu = 00:00:29 ; elapsed = 00:00:37 . Memory (MB): peak = 2537.945 ; gain = 894.094 ; free physical = 3612 ; free virtual = 11487
---------------------------------------------------------------------------------
---------------------------------------------------------------------------------
Start Renaming Generated Ports
---------------------------------------------------------------------------------
---------------------------------------------------------------------------------
Finished Renaming Generated Ports : Time (s): cpu = 00:00:29 ; elapsed = 00:00:37 . Memory (MB): peak = 2537.945 ; gain = 894.094 ; free physical = 3612 ; free virtual = 11487
---------------------------------------------------------------------------------
---------------------------------------------------------------------------------
Start Handling Custom Attributes
---------------------------------------------------------------------------------
---------------------------------------------------------------------------------
Finished Handling Custom Attributes : Time (s): cpu = 00:00:29 ; elapsed = 00:00:37 . Memory (MB): peak = 2537.945 ; gain = 894.094 ; free physical = 3612 ; free virtual = 11486
---------------------------------------------------------------------------------
---------------------------------------------------------------------------------
Start Renaming Generated Nets
---------------------------------------------------------------------------------
---------------------------------------------------------------------------------
Finished Renaming Generated Nets : Time (s): cpu = 00:00:29 ; elapsed = 00:00:37 . Memory (MB): peak = 2537.945 ; gain = 894.094 ; free physical = 3612 ; free virtual = 11486
---------------------------------------------------------------------------------
---------------------------------------------------------------------------------
Start Writing Synthesis Report
---------------------------------------------------------------------------------

Report BlackBoxes: 
+-+--------------+----------+
| |BlackBox name |Instances |
+-+--------------+----------+
+-+--------------+----------+

Report Cell Usage: 
+------+-------+------+
|      |Cell   |Count |
+------+-------+------+
|1     |BUFG   |     1|
|2     |CARRY4 |     2|
|3     |LUT1   |     1|
|4     |LUT2   |    16|
|5     |LUT3   |     9|
|6     |LUT4   |    13|
|7     |LUT5   |    10|
|8     |LUT6   |    47|
|9     |MUXF7  |     3|
|10    |FDRE   |    48|
|11    |FDSE   |     1|
|12    |IBUF   |     9|
|13    |OBUF   |    16|
+------+-------+------+
---------------------------------------------------------------------------------
Finished Writing Synthesis Report : Time (s): cpu = 00:00:29 ; elapsed = 00:00:37 . Memory (MB): peak = 2537.945 ; gain = 894.094 ; free physical = 3612 ; free virtual = 11486
---------------------------------------------------------------------------------
Synthesis finished with 0 errors, 0 critical warnings and 6 warnings.
Synthesis Optimization Runtime : Time (s): cpu = 00:00:28 ; elapsed = 00:00:35 . Memory (MB): peak = 2537.945 ; gain = 764.320 ; free physical = 3611 ; free virtual = 11486
Synthesis Optimization Complete : Time (s): cpu = 00:00:30 ; elapsed = 00:00:37 . Memory (MB): peak = 2537.953 ; gain = 894.094 ; free physical = 3611 ; free virtual = 11486
INFO: [Project 1-571] Translating synthesized netlist
Netlist sorting complete. Time (s): cpu = 00:00:00 ; elapsed = 00:00:00 . Memory (MB): peak = 2537.953 ; gain = 0.000 ; free physical = 3607 ; free virtual = 11483
INFO: [Netlist 29-17] Analyzing 5 Unisim elements for replacement
INFO: [Netlist 29-28] Unisim Transformation completed in 0 CPU seconds
INFO: [Project 1-570] Preparing netlist for logic optimization
INFO: [Opt 31-138] Pushed 0 inverter(s) to 0 load pin(s).
Netlist sorting complete. Time (s): cpu = 00:00:00 ; elapsed = 00:00:00 . Memory (MB): peak = 2593.973 ; gain = 0.000 ; free physical = 3736 ; free virtual = 11613
INFO: [Project 1-111] Unisim Transformation Summary:
No Unisim elements were transformed.

Synth Design complete | Checksum: 8097a9f9
INFO: [Common 17-83] Releasing license: Synthesis
42 Infos, 19 Warnings, 0 Critical Warnings and 0 Errors encountered.
synth_design completed successfully
synth_design: Time (s): cpu = 00:00:39 ; elapsed = 00:00:46 . Memory (MB): peak = 2594.008 ; gain = 1000.703 ; free physical = 3744 ; free virtual = 11621
INFO: [Common 17-2834] synth_design peak Physical Memory [PSS] (MB): overall = 1733.762; main = 1733.762; forked = 275.895
INFO: [Common 17-2834] synth_design peak Virtual Memory [VSS] (MB): overall = 3272.324; main = 2593.977; forked = 956.234
Write ShapeDB Complete: Time (s): cpu = 00:00:00 ; elapsed = 00:00:00 . Memory (MB): peak = 2617.984 ; gain = 0.000 ; free physical = 3744 ; free virtual = 11621
INFO: [Common 17-1381] The checkpoint '/home/administrateur/vhdl2_ual/vhdl2_ual.runs/synth_1/Arty_Digilent_TopLevel.dcp' has been generated.
INFO: [Vivado 12-24828] Executing command : report_utilization -file Arty_Digilent_TopLevel_utilization_synth.rpt -pb Arty_Digilent_TopLevel_utilization_synth.pb
INFO: [Common 17-206] Exiting Vivado at Wed May 13 16:16:21 2026...
