
*** Running vivado
    with args -log top_logigame.vds -m64 -product Vivado -mode batch -messageDb vivado.pb -notrace -source top_logigame.tcl


****** Vivado v2025.1 (64-bit)
  **** SW Build 6140274 on Wed May 21 22:58:25 MDT 2025
  **** IP Build 6138677 on Thu May 22 03:10:11 MDT 2025
  **** SharedData Build 6139179 on Tue May 20 17:58:58 MDT 2025
  **** Start of session at: Sun May 17 23:59:13 2026
    ** Copyright 1986-2022 Xilinx, Inc. All Rights Reserved.
    ** Copyright 2022-2025 Advanced Micro Devices, Inc. All Rights Reserved.

source top_logigame.tcl -notrace
create_project: Time (s): cpu = 00:00:09 ; elapsed = 00:00:10 . Memory (MB): peak = 1520.996 ; gain = 92.059 ; free physical = 4060 ; free virtual = 12437
Command: synth_design -top top_logigame -part xc7a35tcsg324-1
Starting synth_design
Attempting to get a license for feature 'Synthesis' and/or device 'xc7a35t'
INFO: [Common 17-349] Got license for feature 'Synthesis' and/or device 'xc7a35t'
INFO: [Device 21-403] Loading part xc7a35tcsg324-1
INFO: [Synth 8-7079] Multithreading enabled for synth_design using a maximum of 7 processes.
INFO: [Synth 8-7078] Launching helper process for spawning children vivado processes
INFO: [Synth 8-7075] Helper process launched with PID 472688
---------------------------------------------------------------------------------
Starting RTL Elaboration : Time (s): cpu = 00:00:05 ; elapsed = 00:00:10 . Memory (MB): peak = 2084.949 ; gain = 441.711 ; free physical = 3271 ; free virtual = 11649
---------------------------------------------------------------------------------
INFO: [Synth 8-638] synthesizing module 'top_logigame' [/home/administrateur/jeu/jeu.srcs/sources_1/imports/administrateur/jeu/logigame.vhd:16]
INFO: [Synth 8-638] synthesizing module 'debounce' [/home/administrateur/jeu/jeu.srcs/sources_1/imports/administrateur/jeu/debounce.vhd:17]
INFO: [Synth 8-256] done synthesizing module 'debounce' (0#1) [/home/administrateur/jeu/jeu.srcs/sources_1/imports/administrateur/jeu/debounce.vhd:17]
INFO: [Synth 8-638] synthesizing module 'game_controller' [/home/administrateur/jeu/jeu.srcs/sources_1/imports/administrateur/jeu/game_controller.vhd:19]
INFO: [Synth 8-638] synthesizing module 'lfsr_mcu' [/home/administrateur/jeu/jeu.srcs/sources_1/imports/administrateur/jeu/lfsr_mcu.vhd:14]
INFO: [Synth 8-638] synthesizing module 'ual_system_top' [/home/administrateur/jeu/jeu.srcs/sources_1/imports/administrateur/ual/ual_system_top.vhd:41]
INFO: [Synth 8-638] synthesizing module 'memory_controller' [/home/administrateur/jeu/jeu.srcs/sources_1/imports/administrateur/ual/memory_controller.vhd:39]
INFO: [Synth 8-638] synthesizing module 'instruction_memory' [/home/administrateur/jeu/jeu.srcs/sources_1/imports/administrateur/jeu/instruction_memory.vhd:16]
INFO: [Synth 8-256] done synthesizing module 'instruction_memory' (0#1) [/home/administrateur/jeu/jeu.srcs/sources_1/imports/administrateur/jeu/instruction_memory.vhd:16]
INFO: [Synth 8-638] synthesizing module 'register_sync' [/home/administrateur/jeu/jeu.srcs/sources_1/imports/administrateur/ual/register.vhd:19]
	Parameter WIDTH bound to: 4 - type: integer 
INFO: [Synth 8-256] done synthesizing module 'register_sync' (0#1) [/home/administrateur/jeu/jeu.srcs/sources_1/imports/administrateur/ual/register.vhd:19]
INFO: [Synth 8-638] synthesizing module 'register_sync__parameterized0' [/home/administrateur/jeu/jeu.srcs/sources_1/imports/administrateur/ual/register.vhd:19]
	Parameter WIDTH bound to: 2 - type: integer 
INFO: [Synth 8-256] done synthesizing module 'register_sync__parameterized0' (0#1) [/home/administrateur/jeu/jeu.srcs/sources_1/imports/administrateur/ual/register.vhd:19]
INFO: [Synth 8-638] synthesizing module 'register_sync__parameterized1' [/home/administrateur/jeu/jeu.srcs/sources_1/imports/administrateur/ual/register.vhd:19]
	Parameter WIDTH bound to: 1 - type: integer 
INFO: [Synth 8-256] done synthesizing module 'register_sync__parameterized1' (0#1) [/home/administrateur/jeu/jeu.srcs/sources_1/imports/administrateur/ual/register.vhd:19]
INFO: [Synth 8-638] synthesizing module 'buffer_with_route' [/home/administrateur/jeu/jeu.srcs/sources_1/imports/administrateur/ual/buffer_with_route.vhd:25]
	Parameter WIDTH bound to: 4 - type: integer 
INFO: [Synth 8-226] default block is never used [/home/administrateur/jeu/jeu.srcs/sources_1/imports/administrateur/ual/buffer_with_route.vhd:34]
INFO: [Synth 8-256] done synthesizing module 'buffer_with_route' (0#1) [/home/administrateur/jeu/jeu.srcs/sources_1/imports/administrateur/ual/buffer_with_route.vhd:25]
INFO: [Synth 8-638] synthesizing module 'buffer_with_route__parameterized0' [/home/administrateur/jeu/jeu.srcs/sources_1/imports/administrateur/ual/buffer_with_route.vhd:25]
	Parameter WIDTH bound to: 8 - type: integer 
INFO: [Synth 8-226] default block is never used [/home/administrateur/jeu/jeu.srcs/sources_1/imports/administrateur/ual/buffer_with_route.vhd:34]
INFO: [Synth 8-256] done synthesizing module 'buffer_with_route__parameterized0' (0#1) [/home/administrateur/jeu/jeu.srcs/sources_1/imports/administrateur/ual/buffer_with_route.vhd:25]
INFO: [Synth 8-256] done synthesizing module 'memory_controller' (0#1) [/home/administrateur/jeu/jeu.srcs/sources_1/imports/administrateur/ual/memory_controller.vhd:39]
INFO: [Synth 8-638] synthesizing module 'UAL' [/home/administrateur/jeu/jeu.srcs/sources_1/imports/administrateur/ual/ual.vhd:20]
INFO: [Synth 8-226] default block is never used [/home/administrateur/jeu/jeu.srcs/sources_1/imports/administrateur/ual/ual.vhd:39]
INFO: [Synth 8-256] done synthesizing module 'UAL' (0#1) [/home/administrateur/jeu/jeu.srcs/sources_1/imports/administrateur/ual/ual.vhd:20]
INFO: [Synth 8-638] synthesizing module 'custom_operations' [/home/administrateur/jeu/jeu.srcs/sources_1/imports/administrateur/ual/custom_operations.vhd:26]
INFO: [Synth 8-256] done synthesizing module 'custom_operations' (0#1) [/home/administrateur/jeu/jeu.srcs/sources_1/imports/administrateur/ual/custom_operations.vhd:26]
INFO: [Synth 8-256] done synthesizing module 'ual_system_top' (0#1) [/home/administrateur/jeu/jeu.srcs/sources_1/imports/administrateur/ual/ual_system_top.vhd:41]
INFO: [Synth 8-256] done synthesizing module 'lfsr_mcu' (0#1) [/home/administrateur/jeu/jeu.srcs/sources_1/imports/administrateur/jeu/lfsr_mcu.vhd:14]
INFO: [Synth 8-638] synthesizing module 'timeout' [/home/administrateur/jeu/jeu.srcs/sources_1/imports/administrateur/jeu/timeout.vhd:15]
INFO: [Synth 8-226] default block is never used [/home/administrateur/jeu/jeu.srcs/sources_1/imports/administrateur/jeu/timeout.vhd:33]
INFO: [Synth 8-256] done synthesizing module 'timeout' (0#1) [/home/administrateur/jeu/jeu.srcs/sources_1/imports/administrateur/jeu/timeout.vhd:15]
INFO: [Synth 8-638] synthesizing module 'score_counter' [/home/administrateur/jeu/jeu.srcs/sources_1/imports/administrateur/jeu/score_counter.vhd:15]
INFO: [Synth 8-256] done synthesizing module 'score_counter' (0#1) [/home/administrateur/jeu/jeu.srcs/sources_1/imports/administrateur/jeu/score_counter.vhd:15]
INFO: [Synth 8-638] synthesizing module 'validation' [/home/administrateur/jeu/jeu.srcs/sources_1/imports/administrateur/jeu/validation.vhd:19]
INFO: [Synth 8-256] done synthesizing module 'validation' (0#1) [/home/administrateur/jeu/jeu.srcs/sources_1/imports/administrateur/jeu/validation.vhd:19]
INFO: [Synth 8-256] done synthesizing module 'game_controller' (0#1) [/home/administrateur/jeu/jeu.srcs/sources_1/imports/administrateur/jeu/game_controller.vhd:19]
INFO: [Synth 8-256] done synthesizing module 'top_logigame' (0#1) [/home/administrateur/jeu/jeu.srcs/sources_1/imports/administrateur/jeu/logigame.vhd:16]
WARNING: [Synth 8-7129] Port SEL_ROUTE[3] in module UAL is either unconnected or has no load
WARNING: [Synth 8-7129] Port SEL_ROUTE[2] in module UAL is either unconnected or has no load
WARNING: [Synth 8-7129] Port SEL_ROUTE[1] in module UAL is either unconnected or has no load
WARNING: [Synth 8-7129] Port SEL_ROUTE[0] in module UAL is either unconnected or has no load
WARNING: [Synth 8-7129] Port SEL_OUT[1] in module UAL is either unconnected or has no load
WARNING: [Synth 8-7129] Port SEL_OUT[0] in module UAL is either unconnected or has no load
WARNING: [Synth 8-7129] Port SR_OUT_L in module memory_controller is either unconnected or has no load
WARNING: [Synth 8-7129] Port SR_OUT_R in module memory_controller is either unconnected or has no load
---------------------------------------------------------------------------------
Finished RTL Elaboration : Time (s): cpu = 00:00:07 ; elapsed = 00:00:12 . Memory (MB): peak = 2161.887 ; gain = 518.648 ; free physical = 3218 ; free virtual = 11596
---------------------------------------------------------------------------------
---------------------------------------------------------------------------------
Start Handling Custom Attributes
---------------------------------------------------------------------------------
---------------------------------------------------------------------------------
Finished Handling Custom Attributes : Time (s): cpu = 00:00:07 ; elapsed = 00:00:12 . Memory (MB): peak = 2179.699 ; gain = 536.461 ; free physical = 3217 ; free virtual = 11595
---------------------------------------------------------------------------------
---------------------------------------------------------------------------------
Finished RTL Optimization Phase 1 : Time (s): cpu = 00:00:07 ; elapsed = 00:00:12 . Memory (MB): peak = 2179.699 ; gain = 536.461 ; free physical = 3217 ; free virtual = 11595
---------------------------------------------------------------------------------
Netlist sorting complete. Time (s): cpu = 00:00:00 ; elapsed = 00:00:00.01 . Memory (MB): peak = 2179.699 ; gain = 0.000 ; free physical = 3217 ; free virtual = 11595
INFO: [Project 1-570] Preparing netlist for logic optimization

Processing XDC Constraints
Initializing timing engine
Parsing XDC File [/home/administrateur/jeu/jeu.srcs/constrs_1/imports/Documents/Arty_Digilent_TopLevel_Constraints.xdc]
WARNING: [Vivado 12-584] No ports matched 'sw[0]'. [/home/administrateur/jeu/jeu.srcs/constrs_1/imports/Documents/Arty_Digilent_TopLevel_Constraints.xdc:11]
CRITICAL WARNING: [Common 17-55] 'set_property' expects at least one object. [/home/administrateur/jeu/jeu.srcs/constrs_1/imports/Documents/Arty_Digilent_TopLevel_Constraints.xdc:11]
Resolution: If [get_<value>] was used to populate the object, check to make sure this command returns at least one valid object.
WARNING: [Vivado 12-584] No ports matched 'sw[1]'. [/home/administrateur/jeu/jeu.srcs/constrs_1/imports/Documents/Arty_Digilent_TopLevel_Constraints.xdc:12]
CRITICAL WARNING: [Common 17-55] 'set_property' expects at least one object. [/home/administrateur/jeu/jeu.srcs/constrs_1/imports/Documents/Arty_Digilent_TopLevel_Constraints.xdc:12]
Resolution: If [get_<value>] was used to populate the object, check to make sure this command returns at least one valid object.
WARNING: [Vivado 12-584] No ports matched 'led0_b'. [/home/administrateur/jeu/jeu.srcs/constrs_1/imports/Documents/Arty_Digilent_TopLevel_Constraints.xdc:17]
CRITICAL WARNING: [Common 17-55] 'set_property' expects at least one object. [/home/administrateur/jeu/jeu.srcs/constrs_1/imports/Documents/Arty_Digilent_TopLevel_Constraints.xdc:17]
Resolution: If [get_<value>] was used to populate the object, check to make sure this command returns at least one valid object.
WARNING: [Vivado 12-584] No ports matched 'led0_g'. [/home/administrateur/jeu/jeu.srcs/constrs_1/imports/Documents/Arty_Digilent_TopLevel_Constraints.xdc:18]
CRITICAL WARNING: [Common 17-55] 'set_property' expects at least one object. [/home/administrateur/jeu/jeu.srcs/constrs_1/imports/Documents/Arty_Digilent_TopLevel_Constraints.xdc:18]
Resolution: If [get_<value>] was used to populate the object, check to make sure this command returns at least one valid object.
WARNING: [Vivado 12-584] No ports matched 'led0_r'. [/home/administrateur/jeu/jeu.srcs/constrs_1/imports/Documents/Arty_Digilent_TopLevel_Constraints.xdc:19]
CRITICAL WARNING: [Common 17-55] 'set_property' expects at least one object. [/home/administrateur/jeu/jeu.srcs/constrs_1/imports/Documents/Arty_Digilent_TopLevel_Constraints.xdc:19]
Resolution: If [get_<value>] was used to populate the object, check to make sure this command returns at least one valid object.
WARNING: [Vivado 12-584] No ports matched 'led1_b'. [/home/administrateur/jeu/jeu.srcs/constrs_1/imports/Documents/Arty_Digilent_TopLevel_Constraints.xdc:20]
CRITICAL WARNING: [Common 17-55] 'set_property' expects at least one object. [/home/administrateur/jeu/jeu.srcs/constrs_1/imports/Documents/Arty_Digilent_TopLevel_Constraints.xdc:20]
Resolution: If [get_<value>] was used to populate the object, check to make sure this command returns at least one valid object.
WARNING: [Vivado 12-584] No ports matched 'led1_g'. [/home/administrateur/jeu/jeu.srcs/constrs_1/imports/Documents/Arty_Digilent_TopLevel_Constraints.xdc:21]
CRITICAL WARNING: [Common 17-55] 'set_property' expects at least one object. [/home/administrateur/jeu/jeu.srcs/constrs_1/imports/Documents/Arty_Digilent_TopLevel_Constraints.xdc:21]
Resolution: If [get_<value>] was used to populate the object, check to make sure this command returns at least one valid object.
WARNING: [Vivado 12-584] No ports matched 'led1_r'. [/home/administrateur/jeu/jeu.srcs/constrs_1/imports/Documents/Arty_Digilent_TopLevel_Constraints.xdc:22]
CRITICAL WARNING: [Common 17-55] 'set_property' expects at least one object. [/home/administrateur/jeu/jeu.srcs/constrs_1/imports/Documents/Arty_Digilent_TopLevel_Constraints.xdc:22]
Resolution: If [get_<value>] was used to populate the object, check to make sure this command returns at least one valid object.
WARNING: [Vivado 12-584] No ports matched 'led2_b'. [/home/administrateur/jeu/jeu.srcs/constrs_1/imports/Documents/Arty_Digilent_TopLevel_Constraints.xdc:23]
CRITICAL WARNING: [Common 17-55] 'set_property' expects at least one object. [/home/administrateur/jeu/jeu.srcs/constrs_1/imports/Documents/Arty_Digilent_TopLevel_Constraints.xdc:23]
Resolution: If [get_<value>] was used to populate the object, check to make sure this command returns at least one valid object.
WARNING: [Vivado 12-584] No ports matched 'led2_g'. [/home/administrateur/jeu/jeu.srcs/constrs_1/imports/Documents/Arty_Digilent_TopLevel_Constraints.xdc:24]
CRITICAL WARNING: [Common 17-55] 'set_property' expects at least one object. [/home/administrateur/jeu/jeu.srcs/constrs_1/imports/Documents/Arty_Digilent_TopLevel_Constraints.xdc:24]
Resolution: If [get_<value>] was used to populate the object, check to make sure this command returns at least one valid object.
WARNING: [Vivado 12-584] No ports matched 'led2_r'. [/home/administrateur/jeu/jeu.srcs/constrs_1/imports/Documents/Arty_Digilent_TopLevel_Constraints.xdc:25]
CRITICAL WARNING: [Common 17-55] 'set_property' expects at least one object. [/home/administrateur/jeu/jeu.srcs/constrs_1/imports/Documents/Arty_Digilent_TopLevel_Constraints.xdc:25]
Resolution: If [get_<value>] was used to populate the object, check to make sure this command returns at least one valid object.
Finished Parsing XDC File [/home/administrateur/jeu/jeu.srcs/constrs_1/imports/Documents/Arty_Digilent_TopLevel_Constraints.xdc]
INFO: [Project 1-236] Implementation specific constraints were found while reading constraint file [/home/administrateur/jeu/jeu.srcs/constrs_1/imports/Documents/Arty_Digilent_TopLevel_Constraints.xdc]. These constraints will be ignored for synthesis but will be used in implementation. Impacted constraints are listed in the file [.Xil/top_logigame_propImpl.xdc].
Resolution: To avoid this warning, move constraints listed in [.Xil/top_logigame_propImpl.xdc] to another XDC file and exclude this new file from synthesis with the used_in_synthesis property (File Properties dialog in GUI) and re-run elaboration/synthesis.
Completed Processing XDC Constraints

Netlist sorting complete. Time (s): cpu = 00:00:00.01 ; elapsed = 00:00:00 . Memory (MB): peak = 2310.438 ; gain = 0.000 ; free physical = 3189 ; free virtual = 11568
INFO: [Project 1-111] Unisim Transformation Summary:
No Unisim elements were transformed.

Constraint Validation Runtime : Time (s): cpu = 00:00:00 ; elapsed = 00:00:00 . Memory (MB): peak = 2310.473 ; gain = 0.000 ; free physical = 3189 ; free virtual = 11567
---------------------------------------------------------------------------------
Finished Constraint Validation : Time (s): cpu = 00:00:15 ; elapsed = 00:00:21 . Memory (MB): peak = 2310.473 ; gain = 667.234 ; free physical = 3185 ; free virtual = 11563
---------------------------------------------------------------------------------
---------------------------------------------------------------------------------
Start Loading Part and Timing Information
---------------------------------------------------------------------------------
Loading part: xc7a35tcsg324-1
---------------------------------------------------------------------------------
Finished Loading Part and Timing Information : Time (s): cpu = 00:00:15 ; elapsed = 00:00:21 . Memory (MB): peak = 2318.441 ; gain = 675.203 ; free physical = 3191 ; free virtual = 11569
---------------------------------------------------------------------------------
---------------------------------------------------------------------------------
Start Applying 'set_property' XDC Constraints
---------------------------------------------------------------------------------
---------------------------------------------------------------------------------
Finished applying 'set_property' XDC Constraints : Time (s): cpu = 00:00:15 ; elapsed = 00:00:21 . Memory (MB): peak = 2318.441 ; gain = 675.203 ; free physical = 3191 ; free virtual = 11569
---------------------------------------------------------------------------------
INFO: [Synth 8-802] inferred FSM for state register 'state_reg' in module 'custom_operations'
INFO: [Synth 8-802] inferred FSM for state register 'state_reg' in module 'game_controller'
---------------------------------------------------------------------------------------------------
                   State |                     New Encoding |                Previous Encoding 
---------------------------------------------------------------------------------------------------
                    idle |                              001 |                               00
               computing |                              010 |                               01
            result_ready |                              100 |                               10
---------------------------------------------------------------------------------------------------
INFO: [Synth 8-3354] encoded FSM with state register 'state_reg' using encoding 'one-hot' in module 'custom_operations'
---------------------------------------------------------------------------------------------------
                   State |                     New Encoding |                Previous Encoding 
---------------------------------------------------------------------------------------------------
                    idle |                            00001 |                              000
           prepare_round |                            00010 |                              001
               new_round |                            00100 |                              010
           wait_response |                            01000 |                              011
                end_game |                            10000 |                              100
---------------------------------------------------------------------------------------------------
INFO: [Synth 8-3354] encoded FSM with state register 'state_reg' using encoding 'one-hot' in module 'game_controller'
---------------------------------------------------------------------------------
Finished RTL Optimization Phase 2 : Time (s): cpu = 00:00:16 ; elapsed = 00:00:21 . Memory (MB): peak = 2318.441 ; gain = 675.203 ; free physical = 3180 ; free virtual = 11560
---------------------------------------------------------------------------------
---------------------------------------------------------------------------------
Start RTL Component Statistics 
---------------------------------------------------------------------------------
Detailed RTL Component Info : 
+---Adders : 
	   2 Input   18 Bit       Adders := 3     
	   2 Input    7 Bit       Adders := 2     
	   2 Input    5 Bit       Adders := 1     
	   2 Input    4 Bit       Adders := 2     
	   3 Input    4 Bit       Adders := 2     
+---XORs : 
	   2 Input      4 Bit         XORs := 3     
	   2 Input      1 Bit         XORs := 1     
+---Registers : 
	               18 Bit    Registers := 3     
	                8 Bit    Registers := 3     
	                7 Bit    Registers := 1     
	                4 Bit    Registers := 8     
	                3 Bit    Registers := 1     
	                2 Bit    Registers := 3     
	                1 Bit    Registers := 22    
+---Muxes : 
	   2 Input   18 Bit        Muxes := 3     
	 129 Input   10 Bit        Muxes := 1     
	   4 Input    8 Bit        Muxes := 3     
	   2 Input    8 Bit        Muxes := 1     
	   3 Input    8 Bit        Muxes := 1     
	   5 Input    5 Bit        Muxes := 1     
	   2 Input    5 Bit        Muxes := 3     
	   4 Input    4 Bit        Muxes := 2     
	   2 Input    4 Bit        Muxes := 1     
	   3 Input    3 Bit        Muxes := 1     
	   4 Input    3 Bit        Muxes := 1     
	   5 Input    3 Bit        Muxes := 1     
	   2 Input    2 Bit        Muxes := 1     
	   4 Input    1 Bit        Muxes := 6     
	  16 Input    1 Bit        Muxes := 2     
	   3 Input    1 Bit        Muxes := 4     
	   2 Input    1 Bit        Muxes := 13    
	   5 Input    1 Bit        Muxes := 3     
---------------------------------------------------------------------------------
Finished RTL Component Statistics 
---------------------------------------------------------------------------------
---------------------------------------------------------------------------------
Start Part Resource Summary
---------------------------------------------------------------------------------
Part Resources:
DSPs: 90 (col length:60)
BRAMs: 100 (col length: RAMB18 60 RAMB36 30)
---------------------------------------------------------------------------------
Finished Part Resource Summary
---------------------------------------------------------------------------------
---------------------------------------------------------------------------------
Start Cross Boundary and Area Optimization
---------------------------------------------------------------------------------
WARNING: [Synth 8-7080] Parallel synthesis criteria is not met
WARNING: [Synth 8-3936] Found unconnected internal register 'U_GAME/U_LFSR/U_MCU/custom_ops_inst/b_stored_reg' and it is trimmed from '4' to '2' bits. [/home/administrateur/jeu/jeu.srcs/sources_1/imports/administrateur/ual/custom_operations.vhd:96]
WARNING: [Synth 8-3332] Sequential element (U_GAME/U_LFSR/U_MCU/custom_ops_inst/FSM_onehot_state_reg[2]) is unused and will be removed from module top_logigame.
WARNING: [Synth 8-3332] Sequential element (U_GAME/U_LFSR/U_MCU/custom_ops_inst/FSM_onehot_state_reg[1]) is unused and will be removed from module top_logigame.
WARNING: [Synth 8-3332] Sequential element (U_GAME/U_LFSR/U_MCU/custom_ops_inst/FSM_onehot_state_reg[0]) is unused and will be removed from module top_logigame.
---------------------------------------------------------------------------------
Finished Cross Boundary and Area Optimization : Time (s): cpu = 00:00:19 ; elapsed = 00:00:25 . Memory (MB): peak = 2318.441 ; gain = 675.203 ; free physical = 3152 ; free virtual = 11536
---------------------------------------------------------------------------------
---------------------------------------------------------------------------------
Start Applying XDC Timing Constraints
---------------------------------------------------------------------------------
---------------------------------------------------------------------------------
Finished Applying XDC Timing Constraints : Time (s): cpu = 00:00:25 ; elapsed = 00:00:32 . Memory (MB): peak = 2344.441 ; gain = 701.203 ; free physical = 3057 ; free virtual = 11441
---------------------------------------------------------------------------------
---------------------------------------------------------------------------------
Start Timing Optimization
---------------------------------------------------------------------------------
---------------------------------------------------------------------------------
Finished Timing Optimization : Time (s): cpu = 00:00:25 ; elapsed = 00:00:32 . Memory (MB): peak = 2377.488 ; gain = 734.250 ; free physical = 3028 ; free virtual = 11412
---------------------------------------------------------------------------------
---------------------------------------------------------------------------------
Start Technology Mapping
---------------------------------------------------------------------------------
---------------------------------------------------------------------------------
Finished Technology Mapping : Time (s): cpu = 00:00:26 ; elapsed = 00:00:32 . Memory (MB): peak = 2377.488 ; gain = 734.250 ; free physical = 3028 ; free virtual = 11412
---------------------------------------------------------------------------------
---------------------------------------------------------------------------------
Start IO Insertion
---------------------------------------------------------------------------------
---------------------------------------------------------------------------------
Start Flattening Before IO Insertion
---------------------------------------------------------------------------------
---------------------------------------------------------------------------------
Finished Flattening Before IO Insertion
---------------------------------------------------------------------------------
---------------------------------------------------------------------------------
Start Final Netlist Cleanup
---------------------------------------------------------------------------------
---------------------------------------------------------------------------------
Finished Final Netlist Cleanup
---------------------------------------------------------------------------------
---------------------------------------------------------------------------------
Finished IO Insertion : Time (s): cpu = 00:00:30 ; elapsed = 00:00:38 . Memory (MB): peak = 2540.301 ; gain = 897.062 ; free physical = 2895 ; free virtual = 11279
---------------------------------------------------------------------------------
---------------------------------------------------------------------------------
Start Renaming Generated Instances
---------------------------------------------------------------------------------
---------------------------------------------------------------------------------
Finished Renaming Generated Instances : Time (s): cpu = 00:00:30 ; elapsed = 00:00:38 . Memory (MB): peak = 2540.301 ; gain = 897.062 ; free physical = 2895 ; free virtual = 11279
---------------------------------------------------------------------------------
---------------------------------------------------------------------------------
Start Rebuilding User Hierarchy
---------------------------------------------------------------------------------
---------------------------------------------------------------------------------
Finished Rebuilding User Hierarchy : Time (s): cpu = 00:00:30 ; elapsed = 00:00:38 . Memory (MB): peak = 2540.301 ; gain = 897.062 ; free physical = 2895 ; free virtual = 11279
---------------------------------------------------------------------------------
---------------------------------------------------------------------------------
Start Renaming Generated Ports
---------------------------------------------------------------------------------
---------------------------------------------------------------------------------
Finished Renaming Generated Ports : Time (s): cpu = 00:00:30 ; elapsed = 00:00:38 . Memory (MB): peak = 2540.301 ; gain = 897.062 ; free physical = 2895 ; free virtual = 11279
---------------------------------------------------------------------------------
---------------------------------------------------------------------------------
Start Handling Custom Attributes
---------------------------------------------------------------------------------
---------------------------------------------------------------------------------
Finished Handling Custom Attributes : Time (s): cpu = 00:00:30 ; elapsed = 00:00:38 . Memory (MB): peak = 2540.301 ; gain = 897.062 ; free physical = 2895 ; free virtual = 11279
---------------------------------------------------------------------------------
---------------------------------------------------------------------------------
Start Renaming Generated Nets
---------------------------------------------------------------------------------
---------------------------------------------------------------------------------
Finished Renaming Generated Nets : Time (s): cpu = 00:00:30 ; elapsed = 00:00:38 . Memory (MB): peak = 2540.301 ; gain = 897.062 ; free physical = 2895 ; free virtual = 11279
---------------------------------------------------------------------------------
---------------------------------------------------------------------------------
Start Writing Synthesis Report
---------------------------------------------------------------------------------

Report BlackBoxes: 
+-+--------------+----------+
| |BlackBox name |Instances |
+-+--------------+----------+
+-+--------------+----------+

Report Cell Usage: 
+------+-------+------+
|      |Cell   |Count |
+------+-------+------+
|1     |BUFG   |     1|
|2     |CARRY4 |    23|
|3     |LUT1   |     2|
|4     |LUT2   |    90|
|5     |LUT3   |     7|
|6     |LUT4   |    25|
|7     |LUT5   |    19|
|8     |LUT6   |    20|
|9     |FDCE   |   114|
|10    |FDPE   |     4|
|11    |FDRE   |     6|
|12    |IBUF   |     7|
|13    |OBUF   |     7|
+------+-------+------+
---------------------------------------------------------------------------------
Finished Writing Synthesis Report : Time (s): cpu = 00:00:30 ; elapsed = 00:00:38 . Memory (MB): peak = 2540.301 ; gain = 897.062 ; free physical = 2895 ; free virtual = 11279
---------------------------------------------------------------------------------
Synthesis finished with 0 errors, 0 critical warnings and 5 warnings.
Synthesis Optimization Runtime : Time (s): cpu = 00:00:29 ; elapsed = 00:00:35 . Memory (MB): peak = 2540.301 ; gain = 766.289 ; free physical = 2895 ; free virtual = 11279
Synthesis Optimization Complete : Time (s): cpu = 00:00:31 ; elapsed = 00:00:38 . Memory (MB): peak = 2540.309 ; gain = 897.062 ; free physical = 2895 ; free virtual = 11279
INFO: [Project 1-571] Translating synthesized netlist
Netlist sorting complete. Time (s): cpu = 00:00:00.01 ; elapsed = 00:00:00 . Memory (MB): peak = 2540.309 ; gain = 0.000 ; free physical = 2895 ; free virtual = 11279
INFO: [Netlist 29-17] Analyzing 23 Unisim elements for replacement
INFO: [Netlist 29-28] Unisim Transformation completed in 0 CPU seconds
INFO: [Project 1-570] Preparing netlist for logic optimization
INFO: [Opt 31-138] Pushed 0 inverter(s) to 0 load pin(s).
Netlist sorting complete. Time (s): cpu = 00:00:00 ; elapsed = 00:00:00 . Memory (MB): peak = 2596.328 ; gain = 0.000 ; free physical = 3061 ; free virtual = 11445
INFO: [Project 1-111] Unisim Transformation Summary:
No Unisim elements were transformed.

Synth Design complete | Checksum: 24ad528e
INFO: [Common 17-83] Releasing license: Synthesis
57 Infos, 24 Warnings, 11 Critical Warnings and 0 Errors encountered.
synth_design completed successfully
synth_design: Time (s): cpu = 00:00:40 ; elapsed = 00:00:45 . Memory (MB): peak = 2596.363 ; gain = 1075.367 ; free physical = 3061 ; free virtual = 11445
INFO: [Common 17-2834] synth_design peak Physical Memory [PSS] (MB): overall = 1732.271; main = 1732.271; forked = 276.353
INFO: [Common 17-2834] synth_design peak Virtual Memory [VSS] (MB): overall = 3274.680; main = 2596.332; forked = 956.234
INFO: [runtcl-6] Synthesis results are not added to the cache due to CRITICAL_WARNING
Write ShapeDB Complete: Time (s): cpu = 00:00:00 ; elapsed = 00:00:00 . Memory (MB): peak = 2620.340 ; gain = 0.000 ; free physical = 3061 ; free virtual = 11445
INFO: [Common 17-1381] The checkpoint '/home/administrateur/jeu/jeu.runs/synth_1/top_logigame.dcp' has been generated.
INFO: [Vivado 12-24828] Executing command : report_utilization -file top_logigame_utilization_synth.rpt -pb top_logigame_utilization_synth.pb
INFO: [Common 17-206] Exiting Vivado at Mon May 18 00:00:12 2026...
