
*** Running vivado
    with args -log Arty_Digilent_TopLevel.vds -m64 -product Vivado -mode batch -messageDb vivado.pb -notrace -source Arty_Digilent_TopLevel.tcl


****** Vivado v2025.1 (64-bit)
  **** SW Build 6140274 on Wed May 21 22:58:25 MDT 2025
  **** IP Build 6138677 on Thu May 22 03:10:11 MDT 2025
  **** SharedData Build 6139179 on Tue May 20 17:58:58 MDT 2025
  **** Start of session at: Sat May  9 20:58:51 2026
    ** Copyright 1986-2022 Xilinx, Inc. All Rights Reserved.
    ** Copyright 2022-2025 Advanced Micro Devices, Inc. All Rights Reserved.

source Arty_Digilent_TopLevel.tcl -notrace
create_project: Time (s): cpu = 00:00:09 ; elapsed = 00:00:10 . Memory (MB): peak = 1521.824 ; gain = 92.059 ; free physical = 1513 ; free virtual = 11954
Command: read_checkpoint -auto_incremental -incremental /home/administrateur/jules/projet/projet.srcs/utils_1/imports/synth_1/ual_system_top.dcp
INFO: [Vivado 12-5825] Read reference checkpoint from /home/administrateur/jules/projet/projet.srcs/utils_1/imports/synth_1/ual_system_top.dcp for incremental synthesis
INFO: [Vivado 12-7989] Please ensure there are no constraint changes
Command: synth_design -top Arty_Digilent_TopLevel -part xc7a35tcsg324-1
Starting synth_design
Attempting to get a license for feature 'Synthesis' and/or device 'xc7a35t'
INFO: [Common 17-349] Got license for feature 'Synthesis' and/or device 'xc7a35t'
INFO: [Device 21-403] Loading part xc7a35tcsg324-1
INFO: [Synth 8-7079] Multithreading enabled for synth_design using a maximum of 7 processes.
INFO: [Synth 8-7078] Launching helper process for spawning children vivado processes
INFO: [Synth 8-7075] Helper process launched with PID 554306
---------------------------------------------------------------------------------
Starting RTL Elaboration : Time (s): cpu = 00:00:05 ; elapsed = 00:00:09 . Memory (MB): peak = 2087.777 ; gain = 441.711 ; free physical = 713 ; free virtual = 11153
---------------------------------------------------------------------------------
INFO: [Synth 8-638] synthesizing module 'Arty_Digilent_TopLevel' [/home/administrateur/jules/projet/projet.srcs/sources_1/imports/ual/Arty_Digilent_TopLevel_Empty.vhd:18]
INFO: [Synth 8-638] synthesizing module 'ual_system_top' [/home/administrateur/jules/projet/projet.srcs/sources_1/imports/ual/ual_system_top.vhd:37]
INFO: [Synth 8-638] synthesizing module 'memory_controller' [/home/administrateur/jules/projet/projet.srcs/sources_1/imports/ual/memory_controller.vhd:39]
INFO: [Synth 8-638] synthesizing module 'instruction_memory' [/home/administrateur/jules/projet/projet.srcs/sources_1/imports/ual/instruction_memory.vhd:16]
INFO: [Synth 8-256] done synthesizing module 'instruction_memory' (0#1) [/home/administrateur/jules/projet/projet.srcs/sources_1/imports/ual/instruction_memory.vhd:16]
INFO: [Synth 8-638] synthesizing module 'register_sync' [/home/administrateur/jules/projet/projet.srcs/sources_1/imports/ual/register.vhd:19]
	Parameter WIDTH bound to: 4 - type: integer 
INFO: [Synth 8-256] done synthesizing module 'register_sync' (0#1) [/home/administrateur/jules/projet/projet.srcs/sources_1/imports/ual/register.vhd:19]
INFO: [Synth 8-638] synthesizing module 'register_sync__parameterized0' [/home/administrateur/jules/projet/projet.srcs/sources_1/imports/ual/register.vhd:19]
	Parameter WIDTH bound to: 2 - type: integer 
INFO: [Synth 8-256] done synthesizing module 'register_sync__parameterized0' (0#1) [/home/administrateur/jules/projet/projet.srcs/sources_1/imports/ual/register.vhd:19]
INFO: [Synth 8-638] synthesizing module 'register_sync__parameterized1' [/home/administrateur/jules/projet/projet.srcs/sources_1/imports/ual/register.vhd:19]
	Parameter WIDTH bound to: 1 - type: integer 
INFO: [Synth 8-256] done synthesizing module 'register_sync__parameterized1' (0#1) [/home/administrateur/jules/projet/projet.srcs/sources_1/imports/ual/register.vhd:19]
INFO: [Synth 8-638] synthesizing module 'buffer_with_route' [/home/administrateur/jules/projet/projet.srcs/sources_1/imports/ual/buffer_with_route.vhd:25]
	Parameter WIDTH bound to: 4 - type: integer 
INFO: [Synth 8-226] default block is never used [/home/administrateur/jules/projet/projet.srcs/sources_1/imports/ual/buffer_with_route.vhd:34]
INFO: [Synth 8-256] done synthesizing module 'buffer_with_route' (0#1) [/home/administrateur/jules/projet/projet.srcs/sources_1/imports/ual/buffer_with_route.vhd:25]
INFO: [Synth 8-638] synthesizing module 'buffer_with_route__parameterized0' [/home/administrateur/jules/projet/projet.srcs/sources_1/imports/ual/buffer_with_route.vhd:25]
	Parameter WIDTH bound to: 8 - type: integer 
INFO: [Synth 8-226] default block is never used [/home/administrateur/jules/projet/projet.srcs/sources_1/imports/ual/buffer_with_route.vhd:34]
INFO: [Synth 8-256] done synthesizing module 'buffer_with_route__parameterized0' (0#1) [/home/administrateur/jules/projet/projet.srcs/sources_1/imports/ual/buffer_with_route.vhd:25]
INFO: [Synth 8-256] done synthesizing module 'memory_controller' (0#1) [/home/administrateur/jules/projet/projet.srcs/sources_1/imports/ual/memory_controller.vhd:39]
INFO: [Synth 8-638] synthesizing module 'UAL' [/home/administrateur/jules/projet/projet.srcs/sources_1/imports/ual/ual.vhd:20]
INFO: [Synth 8-226] default block is never used [/home/administrateur/jules/projet/projet.srcs/sources_1/imports/ual/ual.vhd:39]
INFO: [Synth 8-256] done synthesizing module 'UAL' (0#1) [/home/administrateur/jules/projet/projet.srcs/sources_1/imports/ual/ual.vhd:20]
INFO: [Synth 8-638] synthesizing module 'custom_operations' [/home/administrateur/jules/projet/projet.srcs/sources_1/imports/ual/custom_operations.vhd:26]
INFO: [Synth 8-256] done synthesizing module 'custom_operations' (0#1) [/home/administrateur/jules/projet/projet.srcs/sources_1/imports/ual/custom_operations.vhd:26]
INFO: [Synth 8-256] done synthesizing module 'ual_system_top' (0#1) [/home/administrateur/jules/projet/projet.srcs/sources_1/imports/ual/ual_system_top.vhd:37]
INFO: [Synth 8-256] done synthesizing module 'Arty_Digilent_TopLevel' (0#1) [/home/administrateur/jules/projet/projet.srcs/sources_1/imports/ual/Arty_Digilent_TopLevel_Empty.vhd:18]
WARNING: [Synth 8-7129] Port SEL_ROUTE[3] in module UAL is either unconnected or has no load
WARNING: [Synth 8-7129] Port SEL_ROUTE[2] in module UAL is either unconnected or has no load
WARNING: [Synth 8-7129] Port SEL_ROUTE[1] in module UAL is either unconnected or has no load
WARNING: [Synth 8-7129] Port SEL_ROUTE[0] in module UAL is either unconnected or has no load
WARNING: [Synth 8-7129] Port SEL_OUT[1] in module UAL is either unconnected or has no load
WARNING: [Synth 8-7129] Port SEL_OUT[0] in module UAL is either unconnected or has no load
WARNING: [Synth 8-7129] Port SR_OUT_L in module memory_controller is either unconnected or has no load
WARNING: [Synth 8-7129] Port SR_OUT_R in module memory_controller is either unconnected or has no load
---------------------------------------------------------------------------------
Finished RTL Elaboration : Time (s): cpu = 00:00:07 ; elapsed = 00:00:11 . Memory (MB): peak = 2161.746 ; gain = 515.680 ; free physical = 666 ; free virtual = 11108
---------------------------------------------------------------------------------
---------------------------------------------------------------------------------
Start Handling Custom Attributes
---------------------------------------------------------------------------------
---------------------------------------------------------------------------------
Finished Handling Custom Attributes : Time (s): cpu = 00:00:07 ; elapsed = 00:00:11 . Memory (MB): peak = 2179.559 ; gain = 533.492 ; free physical = 665 ; free virtual = 11106
---------------------------------------------------------------------------------
---------------------------------------------------------------------------------
Finished RTL Optimization Phase 1 : Time (s): cpu = 00:00:07 ; elapsed = 00:00:11 . Memory (MB): peak = 2179.559 ; gain = 533.492 ; free physical = 665 ; free virtual = 11106
---------------------------------------------------------------------------------
Netlist sorting complete. Time (s): cpu = 00:00:00.01 ; elapsed = 00:00:00 . Memory (MB): peak = 2179.559 ; gain = 0.000 ; free physical = 665 ; free virtual = 11106
INFO: [Project 1-570] Preparing netlist for logic optimization

Processing XDC Constraints
Initializing timing engine
Parsing XDC File [/home/administrateur/jules/projet/projet.srcs/constrs_1/imports/ual/Arty_Digilent_TopLevel_Constraints.xdc]
Finished Parsing XDC File [/home/administrateur/jules/projet/projet.srcs/constrs_1/imports/ual/Arty_Digilent_TopLevel_Constraints.xdc]
INFO: [Project 1-236] Implementation specific constraints were found while reading constraint file [/home/administrateur/jules/projet/projet.srcs/constrs_1/imports/ual/Arty_Digilent_TopLevel_Constraints.xdc]. These constraints will be ignored for synthesis but will be used in implementation. Impacted constraints are listed in the file [.Xil/Arty_Digilent_TopLevel_propImpl.xdc].
Resolution: To avoid this warning, move constraints listed in [.Xil/Arty_Digilent_TopLevel_propImpl.xdc] to another XDC file and exclude this new file from synthesis with the used_in_synthesis property (File Properties dialog in GUI) and re-run elaboration/synthesis.
Completed Processing XDC Constraints

Netlist sorting complete. Time (s): cpu = 00:00:00 ; elapsed = 00:00:00 . Memory (MB): peak = 2293.297 ; gain = 0.000 ; free physical = 655 ; free virtual = 11096
INFO: [Project 1-111] Unisim Transformation Summary:
No Unisim elements were transformed.

Constraint Validation Runtime : Time (s): cpu = 00:00:00 ; elapsed = 00:00:00.01 . Memory (MB): peak = 2293.332 ; gain = 0.000 ; free physical = 654 ; free virtual = 11096
---------------------------------------------------------------------------------
Finished Constraint Validation : Time (s): cpu = 00:00:15 ; elapsed = 00:00:20 . Memory (MB): peak = 2293.332 ; gain = 647.266 ; free physical = 651 ; free virtual = 11092
---------------------------------------------------------------------------------
---------------------------------------------------------------------------------
Start Loading Part and Timing Information
---------------------------------------------------------------------------------
Loading part: xc7a35tcsg324-1
---------------------------------------------------------------------------------
Finished Loading Part and Timing Information : Time (s): cpu = 00:00:15 ; elapsed = 00:00:20 . Memory (MB): peak = 2301.301 ; gain = 655.234 ; free physical = 651 ; free virtual = 11092
---------------------------------------------------------------------------------
---------------------------------------------------------------------------------
Start Applying 'set_property' XDC Constraints
---------------------------------------------------------------------------------
---------------------------------------------------------------------------------
Finished applying 'set_property' XDC Constraints : Time (s): cpu = 00:00:15 ; elapsed = 00:00:20 . Memory (MB): peak = 2301.301 ; gain = 655.234 ; free physical = 651 ; free virtual = 11092
---------------------------------------------------------------------------------
---------------------------------------------------------------------------------
Start Preparing Guide Design
---------------------------------------------------------------------------------
CRITICAL WARNING: [Synth 8-6895] The reference checkpoint /home/administrateur/jules/projet/projet.srcs/utils_1/imports/synth_1/ual_system_top.dcp is not suitable for use with incremental synthesis for this design. Please regenerate the checkpoint for this design with -incremental_synth switch in the same Vivado session that synth_design has been run. Synthesis will continue with the default flow
---------------------------------------------------------------------------------
Finished Doing Graph Differ : Time (s): cpu = 00:00:15 ; elapsed = 00:00:20 . Memory (MB): peak = 2301.301 ; gain = 655.234 ; free physical = 649 ; free virtual = 11092
---------------------------------------------------------------------------------
---------------------------------------------------------------------------------
Finished Preparing Guide Design : Time (s): cpu = 00:00:15 ; elapsed = 00:00:20 . Memory (MB): peak = 2301.301 ; gain = 655.234 ; free physical = 649 ; free virtual = 11092
---------------------------------------------------------------------------------
INFO: [Synth 8-802] inferred FSM for state register 'state_reg' in module 'custom_operations'
---------------------------------------------------------------------------------------------------
                   State |                     New Encoding |                Previous Encoding 
---------------------------------------------------------------------------------------------------
                    idle |                              001 |                               00
               computing |                              010 |                               01
            result_ready |                              100 |                               10
---------------------------------------------------------------------------------------------------
INFO: [Synth 8-3354] encoded FSM with state register 'state_reg' using encoding 'one-hot' in module 'custom_operations'
---------------------------------------------------------------------------------
Finished RTL Optimization Phase 2 : Time (s): cpu = 00:00:15 ; elapsed = 00:00:20 . Memory (MB): peak = 2301.301 ; gain = 655.234 ; free physical = 649 ; free virtual = 11091
---------------------------------------------------------------------------------


Incremental Synthesis Report Summary:

1. Incremental synthesis run: no

   Reason for not running incremental synthesis : 


INFO: [Synth 8-7130] Flow is switching to default flow due to incremental criteria not met. If you would like to alter this behaviour and have the flow terminate instead, please set the following parameter config_implementation {autoIncr.Synth.RejectBehavior Terminate}
---------------------------------------------------------------------------------
Start RTL Component Statistics 
---------------------------------------------------------------------------------
Detailed RTL Component Info : 
+---Adders : 
	   2 Input    7 Bit       Adders := 2     
	   2 Input    5 Bit       Adders := 1     
	   2 Input    4 Bit       Adders := 1     
	   3 Input    4 Bit       Adders := 2     
+---XORs : 
	   2 Input      4 Bit         XORs := 3     
+---Registers : 
	                8 Bit    Registers := 3     
	                7 Bit    Registers := 1     
	                4 Bit    Registers := 6     
	                2 Bit    Registers := 2     
	                1 Bit    Registers := 3     
+---Muxes : 
	 129 Input   10 Bit        Muxes := 1     
	   4 Input    8 Bit        Muxes := 3     
	   2 Input    8 Bit        Muxes := 1     
	   3 Input    8 Bit        Muxes := 1     
	   4 Input    4 Bit        Muxes := 2     
	   3 Input    3 Bit        Muxes := 1     
	   4 Input    1 Bit        Muxes := 4     
	  16 Input    1 Bit        Muxes := 2     
	   3 Input    1 Bit        Muxes := 4     
---------------------------------------------------------------------------------
Finished RTL Component Statistics 
---------------------------------------------------------------------------------
---------------------------------------------------------------------------------
Start Part Resource Summary
---------------------------------------------------------------------------------
Part Resources:
DSPs: 90 (col length:60)
BRAMs: 100 (col length: RAMB18 60 RAMB36 30)
---------------------------------------------------------------------------------
Finished Part Resource Summary
---------------------------------------------------------------------------------
---------------------------------------------------------------------------------
Start Cross Boundary and Area Optimization
---------------------------------------------------------------------------------
WARNING: [Synth 8-7080] Parallel synthesis criteria is not met
WARNING: [Synth 8-3936] Found unconnected internal register 'top_inst/custom_ops_inst/b_stored_reg' and it is trimmed from '4' to '2' bits. [/home/administrateur/jules/projet/projet.srcs/sources_1/imports/ual/custom_operations.vhd:91]
---------------------------------------------------------------------------------
Finished Cross Boundary and Area Optimization : Time (s): cpu = 00:00:18 ; elapsed = 00:00:23 . Memory (MB): peak = 2301.301 ; gain = 655.234 ; free physical = 618 ; free virtual = 11064
---------------------------------------------------------------------------------
---------------------------------------------------------------------------------
Start Applying XDC Timing Constraints
---------------------------------------------------------------------------------
---------------------------------------------------------------------------------
Finished Applying XDC Timing Constraints : Time (s): cpu = 00:00:24 ; elapsed = 00:00:29 . Memory (MB): peak = 2340.301 ; gain = 694.234 ; free physical = 517 ; free virtual = 10964
---------------------------------------------------------------------------------
---------------------------------------------------------------------------------
Start Timing Optimization
---------------------------------------------------------------------------------
---------------------------------------------------------------------------------
Finished Timing Optimization : Time (s): cpu = 00:00:24 ; elapsed = 00:00:30 . Memory (MB): peak = 2366.332 ; gain = 720.266 ; free physical = 493 ; free virtual = 10940
---------------------------------------------------------------------------------
---------------------------------------------------------------------------------
Start Technology Mapping
---------------------------------------------------------------------------------
---------------------------------------------------------------------------------
Finished Technology Mapping : Time (s): cpu = 00:00:24 ; elapsed = 00:00:30 . Memory (MB): peak = 2366.332 ; gain = 720.266 ; free physical = 493 ; free virtual = 10940
---------------------------------------------------------------------------------
---------------------------------------------------------------------------------
Start IO Insertion
---------------------------------------------------------------------------------
---------------------------------------------------------------------------------
Start Flattening Before IO Insertion
---------------------------------------------------------------------------------
---------------------------------------------------------------------------------
Finished Flattening Before IO Insertion
---------------------------------------------------------------------------------
---------------------------------------------------------------------------------
Start Final Netlist Cleanup
---------------------------------------------------------------------------------
---------------------------------------------------------------------------------
Finished Final Netlist Cleanup
---------------------------------------------------------------------------------
---------------------------------------------------------------------------------
Finished IO Insertion : Time (s): cpu = 00:00:29 ; elapsed = 00:00:35 . Memory (MB): peak = 2535.145 ; gain = 889.078 ; free physical = 356 ; free virtual = 10802
---------------------------------------------------------------------------------
---------------------------------------------------------------------------------
Start Renaming Generated Instances
---------------------------------------------------------------------------------
---------------------------------------------------------------------------------
Finished Renaming Generated Instances : Time (s): cpu = 00:00:29 ; elapsed = 00:00:35 . Memory (MB): peak = 2535.145 ; gain = 889.078 ; free physical = 356 ; free virtual = 10802
---------------------------------------------------------------------------------
---------------------------------------------------------------------------------
Start Rebuilding User Hierarchy
---------------------------------------------------------------------------------
---------------------------------------------------------------------------------
Finished Rebuilding User Hierarchy : Time (s): cpu = 00:00:29 ; elapsed = 00:00:35 . Memory (MB): peak = 2535.145 ; gain = 889.078 ; free physical = 356 ; free virtual = 10802
---------------------------------------------------------------------------------
---------------------------------------------------------------------------------
Start Renaming Generated Ports
---------------------------------------------------------------------------------
---------------------------------------------------------------------------------
Finished Renaming Generated Ports : Time (s): cpu = 00:00:29 ; elapsed = 00:00:35 . Memory (MB): peak = 2535.145 ; gain = 889.078 ; free physical = 356 ; free virtual = 10802
---------------------------------------------------------------------------------
---------------------------------------------------------------------------------
Start Handling Custom Attributes
---------------------------------------------------------------------------------
---------------------------------------------------------------------------------
Finished Handling Custom Attributes : Time (s): cpu = 00:00:29 ; elapsed = 00:00:35 . Memory (MB): peak = 2535.145 ; gain = 889.078 ; free physical = 356 ; free virtual = 10802
---------------------------------------------------------------------------------
---------------------------------------------------------------------------------
Start Renaming Generated Nets
---------------------------------------------------------------------------------
---------------------------------------------------------------------------------
Finished Renaming Generated Nets : Time (s): cpu = 00:00:29 ; elapsed = 00:00:35 . Memory (MB): peak = 2535.145 ; gain = 889.078 ; free physical = 356 ; free virtual = 10802
---------------------------------------------------------------------------------
---------------------------------------------------------------------------------
Start Writing Synthesis Report
---------------------------------------------------------------------------------

Report BlackBoxes: 
+-+--------------+----------+
| |BlackBox name |Instances |
+-+--------------+----------+
+-+--------------+----------+

Report Cell Usage: 
+------+------+------+
|      |Cell  |Count |
+------+------+------+
|1     |BUFG  |     1|
|2     |LUT1  |     1|
|3     |LUT2  |     3|
|4     |LUT3  |     6|
|5     |LUT4  |     7|
|6     |LUT5  |    13|
|7     |LUT6  |    24|
|8     |MUXF7 |     8|
|9     |MUXF8 |     3|
|10    |FDRE  |    32|
|11    |FDSE  |     1|
|12    |IBUF  |     9|
|13    |OBUF  |    16|
+------+------+------+
---------------------------------------------------------------------------------
Finished Writing Synthesis Report : Time (s): cpu = 00:00:29 ; elapsed = 00:00:35 . Memory (MB): peak = 2535.145 ; gain = 889.078 ; free physical = 356 ; free virtual = 10802
---------------------------------------------------------------------------------
Synthesis finished with 0 errors, 1 critical warnings and 2 warnings.
Synthesis Optimization Runtime : Time (s): cpu = 00:00:27 ; elapsed = 00:00:33 . Memory (MB): peak = 2535.145 ; gain = 775.305 ; free physical = 354 ; free virtual = 10801
Synthesis Optimization Complete : Time (s): cpu = 00:00:29 ; elapsed = 00:00:35 . Memory (MB): peak = 2535.152 ; gain = 889.078 ; free physical = 354 ; free virtual = 10801
INFO: [Project 1-571] Translating synthesized netlist
Netlist sorting complete. Time (s): cpu = 00:00:00 ; elapsed = 00:00:00 . Memory (MB): peak = 2535.152 ; gain = 0.000 ; free physical = 354 ; free virtual = 10800
INFO: [Netlist 29-17] Analyzing 11 Unisim elements for replacement
INFO: [Netlist 29-28] Unisim Transformation completed in 0 CPU seconds
INFO: [Project 1-570] Preparing netlist for logic optimization
INFO: [Opt 31-138] Pushed 0 inverter(s) to 0 load pin(s).
Netlist sorting complete. Time (s): cpu = 00:00:00 ; elapsed = 00:00:00 . Memory (MB): peak = 2591.172 ; gain = 0.000 ; free physical = 522 ; free virtual = 10968
INFO: [Project 1-111] Unisim Transformation Summary:
No Unisim elements were transformed.

Synth Design complete | Checksum: 5a040ad
INFO: [Common 17-83] Releasing license: Synthesis
45 Infos, 10 Warnings, 1 Critical Warnings and 0 Errors encountered.
synth_design completed successfully
synth_design: Time (s): cpu = 00:00:38 ; elapsed = 00:00:42 . Memory (MB): peak = 2591.207 ; gain = 1069.383 ; free physical = 522 ; free virtual = 10969
INFO: [Common 17-2834] synth_design peak Physical Memory [PSS] (MB): overall = 1798.235; main = 1723.396; forked = 275.016
INFO: [Common 17-2834] synth_design peak Virtual Memory [VSS] (MB): overall = 3322.570; main = 2591.176; forked = 956.234
INFO: [runtcl-6] Synthesis results are not added to the cache due to CRITICAL_WARNING
Write ShapeDB Complete: Time (s): cpu = 00:00:00 ; elapsed = 00:00:00 . Memory (MB): peak = 2615.184 ; gain = 0.000 ; free physical = 522 ; free virtual = 10969
INFO: [Common 17-1381] The checkpoint '/home/administrateur/jules/projet/projet.runs/synth_1/Arty_Digilent_TopLevel.dcp' has been generated.
INFO: [Vivado 12-24828] Executing command : report_utilization -file Arty_Digilent_TopLevel_utilization_synth.rpt -pb Arty_Digilent_TopLevel_utilization_synth.pb
INFO: [Common 17-206] Exiting Vivado at Sat May  9 20:59:47 2026...
